Info: Starting: Create block symbol file (.bsf)
Info: ip-generate --project-directory=C:/Users/caron/Desktop/caronne/FPGA/TP1/ --output-directory=C:/Users/caron/Desktop/caronne/FPGA/TP1/nios_system/ --report-file=bsf:C:/Users/caron/Desktop/caronne/FPGA/TP1/nios_system.bsf --system-info=DEVICE_FAMILY="Cyclone IV E" --system-info=DEVICE=EP4CE22F17C6 --system-info=DEVICE_SPEEDGRADE=6 --component-file=C:/Users/caron/Desktop/caronne/FPGA/TP1/nios_system.qsys
Progress: Loading TP1/nios_system.qsys
Progress: Reading input file
Progress: Adding clk_0 [clock_source 13.1]
Progress: Parameterizing module clk_0
Progress: Adding CPU [altera_nios2_qsys 13.1]
Progress: Parameterizing module CPU
Progress: Adding MEMOIRE_INTERNE [altera_avalon_onchip_memory2 13.1]
Progress: Parameterizing module MEMOIRE_INTERNE
Progress: Adding INPUT [altera_avalon_pio 13.1]
Progress: Parameterizing module INPUT
Progress: Adding OUTPUT [altera_avalon_pio 13.1]
Progress: Parameterizing module OUTPUT
Progress: Adding JTAG_UART [altera_avalon_jtag_uart 13.1]
Progress: Parameterizing module JTAG_UART
Progress: Adding SDRAM [altera_avalon_new_sdram_controller 13.1]
Progress: Parameterizing module SDRAM
Progress: Adding CNTRL_LEFT [altera_avalon_pio 13.1]
Progress: Parameterizing module CNTRL_LEFT
Progress: Adding CNTRL_RIGHT [altera_avalon_pio 13.1]
Progress: Parameterizing module CNTRL_RIGHT
Progress: Adding DATA_0R [altera_avalon_pio 13.1]
Progress: Parameterizing module DATA_0R
Progress: Adding DATA_READY_R [altera_avalon_pio 13.1]
Progress: Parameterizing module DATA_READY_R
Progress: Adding VECT_CAP [altera_avalon_pio 13.1]
Progress: Parameterizing module VECT_CAP
Progress: Adding NIVEAU [altera_avalon_pio 13.1]
Progress: Parameterizing module NIVEAU
Progress: Adding START_SL [altera_avalon_pio 13.1]
Progress: Parameterizing module START_SL
Progress: Adding POS_LIGNE [altera_avalon_pio 13.1]
Progress: Parameterizing module POS_LIGNE
Progress: Adding STATE_CRTL [altera_avalon_pio 13.1]
Progress: Parameterizing module STATE_CRTL
Progress: Adding clocks [altera_up_clocks 13.0]
Progress: Parameterizing module clocks
Progress: Building connections
Progress: Parameterizing connections
Progress: Validating
Progress: Done reading input file
Info: nios_system.INPUT: PIO inputs are not hardwired in test bench. Undefined values will be read from PIO inputs during simulation.
Info: nios_system.DATA_0R: PIO inputs are not hardwired in test bench. Undefined values will be read from PIO inputs during simulation.
Info: nios_system.DATA_READY_R: PIO inputs are not hardwired in test bench. Undefined values will be read from PIO inputs during simulation.
Info: nios_system.VECT_CAP: PIO inputs are not hardwired in test bench. Undefined values will be read from PIO inputs during simulation.
Info: nios_system.POS_LIGNE: PIO inputs are not hardwired in test bench. Undefined values will be read from PIO inputs during simulation.
Info: nios_system.STATE_CRTL: PIO inputs are not hardwired in test bench. Undefined values will be read from PIO inputs during simulation.
Info: ip-generate succeeded.
Info: Finished: Create block symbol file (.bsf)
Info: 
Info: Starting: Create HDL design files for synthesis
Info: ip-generate --project-directory=C:/Users/caron/Desktop/caronne/FPGA/TP1/ --output-directory=C:/Users/caron/Desktop/caronne/FPGA/TP1/nios_system/synthesis/ --file-set=QUARTUS_SYNTH --report-file=html:C:/Users/caron/Desktop/caronne/FPGA/TP1/nios_system.html --report-file=sopcinfo:C:/Users/caron/Desktop/caronne/FPGA/TP1/nios_system.sopcinfo --report-file=cmp:C:/Users/caron/Desktop/caronne/FPGA/TP1/nios_system.cmp --report-file=qip:C:/Users/caron/Desktop/caronne/FPGA/TP1/nios_system/synthesis/nios_system.qip --report-file=svd --report-file=regmap:C:/Users/caron/Desktop/caronne/FPGA/TP1/nios_system/synthesis/nios_system.regmap --report-file=debuginfo:C:/Users/caron/Desktop/caronne/FPGA/TP1/nios_system/synthesis/nios_system.debuginfo --system-info=DEVICE_FAMILY="Cyclone IV E" --system-info=DEVICE=EP4CE22F17C6 --system-info=DEVICE_SPEEDGRADE=6 --component-file=C:/Users/caron/Desktop/caronne/FPGA/TP1/nios_system.qsys --language=VHDL
Progress: Loading TP1/nios_system.qsys
Progress: Reading input file
Progress: Adding clk_0 [clock_source 13.1]
Progress: Parameterizing module clk_0
Progress: Adding CPU [altera_nios2_qsys 13.1]
Progress: Parameterizing module CPU
Progress: Adding MEMOIRE_INTERNE [altera_avalon_onchip_memory2 13.1]
Progress: Parameterizing module MEMOIRE_INTERNE
Progress: Adding INPUT [altera_avalon_pio 13.1]
Progress: Parameterizing module INPUT
Progress: Adding OUTPUT [altera_avalon_pio 13.1]
Progress: Parameterizing module OUTPUT
Progress: Adding JTAG_UART [altera_avalon_jtag_uart 13.1]
Progress: Parameterizing module JTAG_UART
Progress: Adding SDRAM [altera_avalon_new_sdram_controller 13.1]
Progress: Parameterizing module SDRAM
Progress: Adding CNTRL_LEFT [altera_avalon_pio 13.1]
Progress: Parameterizing module CNTRL_LEFT
Progress: Adding CNTRL_RIGHT [altera_avalon_pio 13.1]
Progress: Parameterizing module CNTRL_RIGHT
Progress: Adding DATA_0R [altera_avalon_pio 13.1]
Progress: Parameterizing module DATA_0R
Progress: Adding DATA_READY_R [altera_avalon_pio 13.1]
Progress: Parameterizing module DATA_READY_R
Progress: Adding VECT_CAP [altera_avalon_pio 13.1]
Progress: Parameterizing module VECT_CAP
Progress: Adding NIVEAU [altera_avalon_pio 13.1]
Progress: Parameterizing module NIVEAU
Progress: Adding START_SL [altera_avalon_pio 13.1]
Progress: Parameterizing module START_SL
Progress: Adding POS_LIGNE [altera_avalon_pio 13.1]
Progress: Parameterizing module POS_LIGNE
Progress: Adding STATE_CRTL [altera_avalon_pio 13.1]
Progress: Parameterizing module STATE_CRTL
Progress: Adding clocks [altera_up_clocks 13.0]
Progress: Parameterizing module clocks
Progress: Building connections
Progress: Parameterizing connections
Progress: Validating
Progress: Done reading input file
Info: nios_system.INPUT: PIO inputs are not hardwired in test bench. Undefined values will be read from PIO inputs during simulation.
Info: nios_system.DATA_0R: PIO inputs are not hardwired in test bench. Undefined values will be read from PIO inputs during simulation.
Info: nios_system.DATA_READY_R: PIO inputs are not hardwired in test bench. Undefined values will be read from PIO inputs during simulation.
Info: nios_system.VECT_CAP: PIO inputs are not hardwired in test bench. Undefined values will be read from PIO inputs during simulation.
Info: nios_system.POS_LIGNE: PIO inputs are not hardwired in test bench. Undefined values will be read from PIO inputs during simulation.
Info: nios_system.STATE_CRTL: PIO inputs are not hardwired in test bench. Undefined values will be read from PIO inputs during simulation.
Info: nios_system: Generating nios_system "nios_system" for QUARTUS_SYNTH
Info: pipeline_bridge_swap_transform: After transform: 17 modules, 67 connections
Info: No custom instruction connections, skipping transform 
Info: merlin_initial_interconnect_transform: After transform: 17 modules, 63 connections
Info: merlin_translator_transform: After transform: 34 modules, 131 connections
Info: merlin_domain_transform: After transform: 70 modules, 368 connections
Info: merlin_router_transform: After transform: 87 modules, 436 connections
Info: merlin_burst_transform: After transform: 88 modules, 440 connections
Info: merlin_network_to_switch_transform: After transform: 121 modules, 527 connections
Info: merlin_width_transform: After transform: 123 modules, 535 connections
Info: Inserting clock-crossing logic between cmd_xbar_demux_001.src4 and cmd_xbar_mux_004.sink0
Info: Inserting clock-crossing logic between cmd_xbar_demux_001.src5 and cmd_xbar_mux_005.sink0
Info: Inserting clock-crossing logic between rsp_xbar_demux_004.src0 and rsp_xbar_mux_001.sink4
Info: Inserting clock-crossing logic between rsp_xbar_demux_005.src0 and rsp_xbar_mux_001.sink5
Info: com_altera_sopcmodel_transforms_avalon_ClockCrossingTransform: After transform: 127 modules, 563 connections
Info: merlin_clock_and_reset_bridge_transform: After transform: 131 modules, 696 connections
Info: merlin_hierarchy_transform: After transform: 18 modules, 72 connections
Info: merlin_mm_transform: After transform: 18 modules, 72 connections
Info: merlin_interrupt_mapper_transform: After transform: 19 modules, 76 connections
Info: merlin_interrupt_sync_transform: After transform: 20 modules, 83 connections
Info: reset_adaptation_transform: After transform: 23 modules, 83 connections
Info: CPU: Starting RTL generation for module 'nios_system_CPU'
Info: CPU:   Generation command is [exec C:/altera/13.1/quartus/bin/eperlcmd.exe -I C:/altera/13.1/quartus/bin/perl/lib -I C:/altera/13.1/quartus/sopc_builder/bin/europa -I C:/altera/13.1/quartus/sopc_builder/bin/perl_lib -I C:/altera/13.1/quartus/sopc_builder/bin -I C:/altera/13.1/quartus/../ip/altera/nios2_ip/altera_nios2/cpu_lib -I C:/altera/13.1/quartus/../ip/altera/nios2_ip/altera_nios2/nios_lib -I C:/altera/13.1/quartus/../ip/altera/nios2_ip/altera_nios2 -I C:/altera/13.1/quartus/../ip/altera/nios2_ip/altera_nios2 -- C:/altera/13.1/quartus/../ip/altera/nios2_ip/altera_nios2/generate_rtl.epl --name=nios_system_CPU --dir=C:/Users/caron/AppData/Local/Temp/alt0532_8829515107205405564.dir/0001_CPU_gen/ --quartus_dir=C:/altera/13.1/quartus --verilog --config=C:/Users/caron/AppData/Local/Temp/alt0532_8829515107205405564.dir/0001_CPU_gen//nios_system_CPU_processor_configuration.pl  --do_build_sim=0  ]
Info: CPU: # 2026.03.20 08:24:35 (*) Starting Nios II generation
Info: CPU: # 2026.03.20 08:24:35 (*)   Checking for plaintext license.
Info: CPU: # 2026.03.20 08:24:36 (*)   Couldn't query license setup in Quartus directory C:/altera/13.1/quartus
Info: CPU: # 2026.03.20 08:24:36 (*)   Defaulting to contents of LM_LICENSE_FILE environment variable
Info: CPU: # 2026.03.20 08:24:36 (*)   LM_LICENSE_FILE environment variable is empty
Info: CPU: # 2026.03.20 08:24:36 (*)   Plaintext license not found.
Info: CPU: # 2026.03.20 08:24:36 (*)   No license required to generate encrypted Nios II/e.
Info: CPU: # 2026.03.20 08:24:36 (*)   Elaborating CPU configuration settings
Info: CPU: # 2026.03.20 08:24:36 (*)   Creating all objects for CPU
Info: CPU: # 2026.03.20 08:24:37 (*)   Generating RTL from CPU objects
Info: CPU: # 2026.03.20 08:24:37 (*)   Creating plain-text RTL
Info: CPU: # 2026.03.20 08:24:38 (*) Done Nios II generation
Info: CPU: Done RTL generation for module 'nios_system_CPU'
Info: CPU: "nios_system" instantiated altera_nios2_qsys "CPU"
Info: MEMOIRE_INTERNE: Starting RTL generation for module 'nios_system_MEMOIRE_INTERNE'
Info: MEMOIRE_INTERNE:   Generation command is [exec C:/altera/13.1/quartus/bin/perl/bin/perl.exe -I C:/altera/13.1/quartus/bin/perl/lib -I C:/altera/13.1/quartus/sopc_builder/bin/europa -I C:/altera/13.1/quartus/sopc_builder/bin/perl_lib -I C:/altera/13.1/quartus/sopc_builder/bin -I C:/altera/13.1/quartus/../ip/altera/sopc_builder_ip/common -I C:/altera/13.1/quartus/../ip/altera/sopc_builder_ip/altera_avalon_onchip_memory2 -- C:/altera/13.1/quartus/../ip/altera/sopc_builder_ip/altera_avalon_onchip_memory2/generate_rtl.pl --name=nios_system_MEMOIRE_INTERNE --dir=C:/Users/caron/AppData/Local/Temp/alt0532_8829515107205405564.dir/0002_MEMOIRE_INTERNE_gen/ --quartus_dir=C:/altera/13.1/quartus --verilog --config=C:/Users/caron/AppData/Local/Temp/alt0532_8829515107205405564.dir/0002_MEMOIRE_INTERNE_gen//nios_system_MEMOIRE_INTERNE_component_configuration.pl  --do_build_sim=0  ]
Info: MEMOIRE_INTERNE: Done RTL generation for module 'nios_system_MEMOIRE_INTERNE'
Info: MEMOIRE_INTERNE: "nios_system" instantiated altera_avalon_onchip_memory2 "MEMOIRE_INTERNE"
Info: INPUT: Starting RTL generation for module 'nios_system_INPUT'
Info: INPUT:   Generation command is [exec C:/altera/13.1/quartus/bin/perl/bin/perl.exe -I C:/altera/13.1/quartus/bin/perl/lib -I C:/altera/13.1/quartus/sopc_builder/bin/europa -I C:/altera/13.1/quartus/sopc_builder/bin/perl_lib -I C:/altera/13.1/quartus/sopc_builder/bin -I C:/altera/13.1/quartus/../ip/altera/sopc_builder_ip/common -I C:/altera/13.1/quartus/../ip/altera/sopc_builder_ip/altera_avalon_pio -- C:/altera/13.1/quartus/../ip/altera/sopc_builder_ip/altera_avalon_pio/generate_rtl.pl --name=nios_system_INPUT --dir=C:/Users/caron/AppData/Local/Temp/alt0532_8829515107205405564.dir/0003_INPUT_gen/ --quartus_dir=C:/altera/13.1/quartus --verilog --config=C:/Users/caron/AppData/Local/Temp/alt0532_8829515107205405564.dir/0003_INPUT_gen//nios_system_INPUT_component_configuration.pl  --do_build_sim=0  ]
Info: INPUT: Done RTL generation for module 'nios_system_INPUT'
Info: INPUT: "nios_system" instantiated altera_avalon_pio "INPUT"
Info: OUTPUT: Starting RTL generation for module 'nios_system_OUTPUT'
Info: OUTPUT:   Generation command is [exec C:/altera/13.1/quartus/bin/perl/bin/perl.exe -I C:/altera/13.1/quartus/bin/perl/lib -I C:/altera/13.1/quartus/sopc_builder/bin/europa -I C:/altera/13.1/quartus/sopc_builder/bin/perl_lib -I C:/altera/13.1/quartus/sopc_builder/bin -I C:/altera/13.1/quartus/../ip/altera/sopc_builder_ip/common -I C:/altera/13.1/quartus/../ip/altera/sopc_builder_ip/altera_avalon_pio -- C:/altera/13.1/quartus/../ip/altera/sopc_builder_ip/altera_avalon_pio/generate_rtl.pl --name=nios_system_OUTPUT --dir=C:/Users/caron/AppData/Local/Temp/alt0532_8829515107205405564.dir/0004_OUTPUT_gen/ --quartus_dir=C:/altera/13.1/quartus --verilog --config=C:/Users/caron/AppData/Local/Temp/alt0532_8829515107205405564.dir/0004_OUTPUT_gen//nios_system_OUTPUT_component_configuration.pl  --do_build_sim=0  ]
Info: OUTPUT: Done RTL generation for module 'nios_system_OUTPUT'
Info: OUTPUT: "nios_system" instantiated altera_avalon_pio "OUTPUT"
Info: JTAG_UART: Starting RTL generation for module 'nios_system_JTAG_UART'
Info: JTAG_UART:   Generation command is [exec C:/altera/13.1/quartus/bin/perl/bin/perl.exe -I C:/altera/13.1/quartus/bin/perl/lib -I C:/altera/13.1/quartus/sopc_builder/bin/europa -I C:/altera/13.1/quartus/sopc_builder/bin/perl_lib -I C:/altera/13.1/quartus/sopc_builder/bin -I C:/altera/13.1/quartus/../ip/altera/sopc_builder_ip/common -I C:/altera/13.1/quartus/../ip/altera/sopc_builder_ip/altera_avalon_jtag_uart -- C:/altera/13.1/quartus/../ip/altera/sopc_builder_ip/altera_avalon_jtag_uart/generate_rtl.pl --name=nios_system_JTAG_UART --dir=C:/Users/caron/AppData/Local/Temp/alt0532_8829515107205405564.dir/0005_JTAG_UART_gen/ --quartus_dir=C:/altera/13.1/quartus --verilog --config=C:/Users/caron/AppData/Local/Temp/alt0532_8829515107205405564.dir/0005_JTAG_UART_gen//nios_system_JTAG_UART_component_configuration.pl  --do_build_sim=0  ]
Info: JTAG_UART: Done RTL generation for module 'nios_system_JTAG_UART'
Info: JTAG_UART: "nios_system" instantiated altera_avalon_jtag_uart "JTAG_UART"
Info: SDRAM: Starting RTL generation for module 'nios_system_SDRAM'
Info: SDRAM:   Generation command is [exec C:/altera/13.1/quartus/bin/perl/bin/perl.exe -I C:/altera/13.1/quartus/bin/perl/lib -I C:/altera/13.1/quartus/sopc_builder/bin/europa -I C:/altera/13.1/quartus/sopc_builder/bin/perl_lib -I C:/altera/13.1/quartus/sopc_builder/bin -I C:/altera/13.1/quartus/../ip/altera/sopc_builder_ip/common -I C:/altera/13.1/quartus/../ip/altera/sopc_builder_ip/altera_avalon_new_sdram_controller -- C:/altera/13.1/quartus/../ip/altera/sopc_builder_ip/altera_avalon_new_sdram_controller/generate_rtl.pl --name=nios_system_SDRAM --dir=C:/Users/caron/AppData/Local/Temp/alt0532_8829515107205405564.dir/0006_SDRAM_gen/ --quartus_dir=C:/altera/13.1/quartus --verilog --config=C:/Users/caron/AppData/Local/Temp/alt0532_8829515107205405564.dir/0006_SDRAM_gen//nios_system_SDRAM_component_configuration.pl  --do_build_sim=0  ]
Info: SDRAM: Done RTL generation for module 'nios_system_SDRAM'
Info: SDRAM: "nios_system" instantiated altera_avalon_new_sdram_controller "SDRAM"
Info: CNTRL_LEFT: Starting RTL generation for module 'nios_system_CNTRL_LEFT'
Info: CNTRL_LEFT:   Generation command is [exec C:/altera/13.1/quartus/bin/perl/bin/perl.exe -I C:/altera/13.1/quartus/bin/perl/lib -I C:/altera/13.1/quartus/sopc_builder/bin/europa -I C:/altera/13.1/quartus/sopc_builder/bin/perl_lib -I C:/altera/13.1/quartus/sopc_builder/bin -I C:/altera/13.1/quartus/../ip/altera/sopc_builder_ip/common -I C:/altera/13.1/quartus/../ip/altera/sopc_builder_ip/altera_avalon_pio -- C:/altera/13.1/quartus/../ip/altera/sopc_builder_ip/altera_avalon_pio/generate_rtl.pl --name=nios_system_CNTRL_LEFT --dir=C:/Users/caron/AppData/Local/Temp/alt0532_8829515107205405564.dir/0007_CNTRL_LEFT_gen/ --quartus_dir=C:/altera/13.1/quartus --verilog --config=C:/Users/caron/AppData/Local/Temp/alt0532_8829515107205405564.dir/0007_CNTRL_LEFT_gen//nios_system_CNTRL_LEFT_component_configuration.pl  --do_build_sim=0  ]
Info: CNTRL_LEFT: Done RTL generation for module 'nios_system_CNTRL_LEFT'
Info: CNTRL_LEFT: "nios_system" instantiated altera_avalon_pio "CNTRL_LEFT"
Info: DATA_READY_R: Starting RTL generation for module 'nios_system_DATA_READY_R'
Info: DATA_READY_R:   Generation command is [exec C:/altera/13.1/quartus/bin/perl/bin/perl.exe -I C:/altera/13.1/quartus/bin/perl/lib -I C:/altera/13.1/quartus/sopc_builder/bin/europa -I C:/altera/13.1/quartus/sopc_builder/bin/perl_lib -I C:/altera/13.1/quartus/sopc_builder/bin -I C:/altera/13.1/quartus/../ip/altera/sopc_builder_ip/common -I C:/altera/13.1/quartus/../ip/altera/sopc_builder_ip/altera_avalon_pio -- C:/altera/13.1/quartus/../ip/altera/sopc_builder_ip/altera_avalon_pio/generate_rtl.pl --name=nios_system_DATA_READY_R --dir=C:/Users/caron/AppData/Local/Temp/alt0532_8829515107205405564.dir/0008_DATA_READY_R_gen/ --quartus_dir=C:/altera/13.1/quartus --verilog --config=C:/Users/caron/AppData/Local/Temp/alt0532_8829515107205405564.dir/0008_DATA_READY_R_gen//nios_system_DATA_READY_R_component_configuration.pl  --do_build_sim=0  ]
Info: DATA_READY_R: Done RTL generation for module 'nios_system_DATA_READY_R'
Info: DATA_READY_R: "nios_system" instantiated altera_avalon_pio "DATA_READY_R"
Info: VECT_CAP: Starting RTL generation for module 'nios_system_VECT_CAP'
Info: VECT_CAP:   Generation command is [exec C:/altera/13.1/quartus/bin/perl/bin/perl.exe -I C:/altera/13.1/quartus/bin/perl/lib -I C:/altera/13.1/quartus/sopc_builder/bin/europa -I C:/altera/13.1/quartus/sopc_builder/bin/perl_lib -I C:/altera/13.1/quartus/sopc_builder/bin -I C:/altera/13.1/quartus/../ip/altera/sopc_builder_ip/common -I C:/altera/13.1/quartus/../ip/altera/sopc_builder_ip/altera_avalon_pio -- C:/altera/13.1/quartus/../ip/altera/sopc_builder_ip/altera_avalon_pio/generate_rtl.pl --name=nios_system_VECT_CAP --dir=C:/Users/caron/AppData/Local/Temp/alt0532_8829515107205405564.dir/0009_VECT_CAP_gen/ --quartus_dir=C:/altera/13.1/quartus --verilog --config=C:/Users/caron/AppData/Local/Temp/alt0532_8829515107205405564.dir/0009_VECT_CAP_gen//nios_system_VECT_CAP_component_configuration.pl  --do_build_sim=0  ]
Info: VECT_CAP: Done RTL generation for module 'nios_system_VECT_CAP'
Info: VECT_CAP: "nios_system" instantiated altera_avalon_pio "VECT_CAP"
Info: START_SL: Starting RTL generation for module 'nios_system_START_SL'
Info: START_SL:   Generation command is [exec C:/altera/13.1/quartus/bin/perl/bin/perl.exe -I C:/altera/13.1/quartus/bin/perl/lib -I C:/altera/13.1/quartus/sopc_builder/bin/europa -I C:/altera/13.1/quartus/sopc_builder/bin/perl_lib -I C:/altera/13.1/quartus/sopc_builder/bin -I C:/altera/13.1/quartus/../ip/altera/sopc_builder_ip/common -I C:/altera/13.1/quartus/../ip/altera/sopc_builder_ip/altera_avalon_pio -- C:/altera/13.1/quartus/../ip/altera/sopc_builder_ip/altera_avalon_pio/generate_rtl.pl --name=nios_system_START_SL --dir=C:/Users/caron/AppData/Local/Temp/alt0532_8829515107205405564.dir/0010_START_SL_gen/ --quartus_dir=C:/altera/13.1/quartus --verilog --config=C:/Users/caron/AppData/Local/Temp/alt0532_8829515107205405564.dir/0010_START_SL_gen//nios_system_START_SL_component_configuration.pl  --do_build_sim=0  ]
Info: START_SL: Done RTL generation for module 'nios_system_START_SL'
Info: START_SL: "nios_system" instantiated altera_avalon_pio "START_SL"
Info: POS_LIGNE: Starting RTL generation for module 'nios_system_POS_LIGNE'
Info: POS_LIGNE:   Generation command is [exec C:/altera/13.1/quartus/bin/perl/bin/perl.exe -I C:/altera/13.1/quartus/bin/perl/lib -I C:/altera/13.1/quartus/sopc_builder/bin/europa -I C:/altera/13.1/quartus/sopc_builder/bin/perl_lib -I C:/altera/13.1/quartus/sopc_builder/bin -I C:/altera/13.1/quartus/../ip/altera/sopc_builder_ip/common -I C:/altera/13.1/quartus/../ip/altera/sopc_builder_ip/altera_avalon_pio -- C:/altera/13.1/quartus/../ip/altera/sopc_builder_ip/altera_avalon_pio/generate_rtl.pl --name=nios_system_POS_LIGNE --dir=C:/Users/caron/AppData/Local/Temp/alt0532_8829515107205405564.dir/0011_POS_LIGNE_gen/ --quartus_dir=C:/altera/13.1/quartus --verilog --config=C:/Users/caron/AppData/Local/Temp/alt0532_8829515107205405564.dir/0011_POS_LIGNE_gen//nios_system_POS_LIGNE_component_configuration.pl  --do_build_sim=0  ]
Info: POS_LIGNE: Done RTL generation for module 'nios_system_POS_LIGNE'
Info: POS_LIGNE: "nios_system" instantiated altera_avalon_pio "POS_LIGNE"
Info: STATE_CRTL: Starting RTL generation for module 'nios_system_STATE_CRTL'
Info: STATE_CRTL:   Generation command is [exec C:/altera/13.1/quartus/bin/perl/bin/perl.exe -I C:/altera/13.1/quartus/bin/perl/lib -I C:/altera/13.1/quartus/sopc_builder/bin/europa -I C:/altera/13.1/quartus/sopc_builder/bin/perl_lib -I C:/altera/13.1/quartus/sopc_builder/bin -I C:/altera/13.1/quartus/../ip/altera/sopc_builder_ip/common -I C:/altera/13.1/quartus/../ip/altera/sopc_builder_ip/altera_avalon_pio -- C:/altera/13.1/quartus/../ip/altera/sopc_builder_ip/altera_avalon_pio/generate_rtl.pl --name=nios_system_STATE_CRTL --dir=C:/Users/caron/AppData/Local/Temp/alt0532_8829515107205405564.dir/0012_STATE_CRTL_gen/ --quartus_dir=C:/altera/13.1/quartus --verilog --config=C:/Users/caron/AppData/Local/Temp/alt0532_8829515107205405564.dir/0012_STATE_CRTL_gen//nios_system_STATE_CRTL_component_configuration.pl  --do_build_sim=0  ]
Info: STATE_CRTL: Done RTL generation for module 'nios_system_STATE_CRTL'
Info: STATE_CRTL: "nios_system" instantiated altera_avalon_pio "STATE_CRTL"
Info: clocks: Starting Generation of Required Clocks for DE-Series Boards
Info: clocks: "nios_system" instantiated altera_up_clocks "clocks"
Info: pipeline_bridge_swap_transform: After transform: 114 modules, 389 connections
Info: No custom instruction connections, skipping transform 
Info: merlin_initial_interconnect_transform: After transform: 0 modules, 0 connections
Info: No Avalon connections, skipping transform 
Info: merlin_hierarchy_transform: After transform: 114 modules, 389 connections
Info: merlin_initial_interconnect_transform: After transform: 0 modules, 0 connections
Info: No Avalon connections, skipping transform 
Info: merlin_hierarchy_transform: After transform: 114 modules, 389 connections
Info: merlin_initial_interconnect_transform: After transform: 0 modules, 0 connections
Info: No Avalon connections, skipping transform 
Info: merlin_hierarchy_transform: After transform: 114 modules, 389 connections
Info: merlin_initial_interconnect_transform: After transform: 0 modules, 0 connections
Info: No Avalon connections, skipping transform 
Info: merlin_hierarchy_transform: After transform: 114 modules, 389 connections
Info: merlin_initial_interconnect_transform: After transform: 0 modules, 0 connections
Info: No Avalon connections, skipping transform 
Info: merlin_hierarchy_transform: After transform: 114 modules, 389 connections
Info: merlin_initial_interconnect_transform: After transform: 0 modules, 0 connections
Info: No Avalon connections, skipping transform 
Info: merlin_hierarchy_transform: After transform: 114 modules, 389 connections
Info: merlin_initial_interconnect_transform: After transform: 0 modules, 0 connections
Info: No Avalon connections, skipping transform 
Info: merlin_hierarchy_transform: After transform: 114 modules, 389 connections
Info: merlin_initial_interconnect_transform: After transform: 0 modules, 0 connections
Info: No Avalon connections, skipping transform 
Info: merlin_hierarchy_transform: After transform: 114 modules, 389 connections
Info: merlin_initial_interconnect_transform: After transform: 0 modules, 0 connections
Info: No Avalon connections, skipping transform 
Info: merlin_hierarchy_transform: After transform: 114 modules, 389 connections
Info: merlin_initial_interconnect_transform: After transform: 0 modules, 0 connections
Info: No Avalon connections, skipping transform 
Info: merlin_hierarchy_transform: After transform: 114 modules, 389 connections
Info: merlin_initial_interconnect_transform: After transform: 0 modules, 0 connections
Info: No Avalon connections, skipping transform 
Info: merlin_hierarchy_transform: After transform: 114 modules, 389 connections
Info: merlin_initial_interconnect_transform: After transform: 0 modules, 0 connections
Info: No Avalon connections, skipping transform 
Info: merlin_hierarchy_transform: After transform: 114 modules, 389 connections
Info: merlin_initial_interconnect_transform: After transform: 0 modules, 0 connections
Info: No Avalon connections, skipping transform 
Info: merlin_hierarchy_transform: After transform: 114 modules, 389 connections
Info: merlin_initial_interconnect_transform: After transform: 0 modules, 0 connections
Info: No Avalon connections, skipping transform 
Info: merlin_hierarchy_transform: After transform: 114 modules, 389 connections
Info: merlin_initial_interconnect_transform: After transform: 0 modules, 0 connections
Info: No Avalon connections, skipping transform 
Info: merlin_hierarchy_transform: After transform: 114 modules, 389 connections
Info: merlin_initial_interconnect_transform: After transform: 0 modules, 0 connections
Info: No Avalon connections, skipping transform 
Info: merlin_hierarchy_transform: After transform: 114 modules, 389 connections
Info: merlin_initial_interconnect_transform: After transform: 0 modules, 0 connections
Info: No Avalon connections, skipping transform 
Info: merlin_hierarchy_transform: After transform: 114 modules, 389 connections
Info: mm_interconnect_0: "nios_system" instantiated altera_merlin_interconnect_wrapper "mm_interconnect_0"
Info: irq_mapper: "nios_system" instantiated altera_irq_mapper "irq_mapper"
Info: irq_synchronizer: "nios_system" instantiated altera_irq_clock_crosser "irq_synchronizer"
Info: rst_controller: "nios_system" instantiated altera_reset_controller "rst_controller"
Info: CPU_instruction_master_translator: "mm_interconnect_0" instantiated altera_merlin_master_translator "CPU_instruction_master_translator"
Info: CPU_jtag_debug_module_translator: "mm_interconnect_0" instantiated altera_merlin_slave_translator "CPU_jtag_debug_module_translator"
Info: CPU_instruction_master_translator_avalon_universal_master_0_agent: "mm_interconnect_0" instantiated altera_merlin_master_agent "CPU_instruction_master_translator_avalon_universal_master_0_agent"
Info: CPU_jtag_debug_module_translator_avalon_universal_slave_0_agent: "mm_interconnect_0" instantiated altera_merlin_slave_agent "CPU_jtag_debug_module_translator_avalon_universal_slave_0_agent"
Info: CPU_jtag_debug_module_translator_avalon_universal_slave_0_agent_rsp_fifo: "mm_interconnect_0" instantiated altera_avalon_sc_fifo "CPU_jtag_debug_module_translator_avalon_universal_slave_0_agent_rsp_fifo"
Info: addr_router: "mm_interconnect_0" instantiated altera_merlin_router "addr_router"
Info: addr_router_001: "mm_interconnect_0" instantiated altera_merlin_router "addr_router_001"
Info: id_router: "mm_interconnect_0" instantiated altera_merlin_router "id_router"
Info: id_router_002: "mm_interconnect_0" instantiated altera_merlin_router "id_router_002"
Info: id_router_003: "mm_interconnect_0" instantiated altera_merlin_router "id_router_003"
Info: burst_adapter: "mm_interconnect_0" instantiated altera_merlin_burst_adapter "burst_adapter"
Info: cmd_xbar_demux: "mm_interconnect_0" instantiated altera_merlin_demultiplexer "cmd_xbar_demux"
Info: cmd_xbar_demux_001: "mm_interconnect_0" instantiated altera_merlin_demultiplexer "cmd_xbar_demux_001"
Info: cmd_xbar_mux: "mm_interconnect_0" instantiated altera_merlin_multiplexer "cmd_xbar_mux"
Info: cmd_xbar_mux_003: "mm_interconnect_0" instantiated altera_merlin_multiplexer "cmd_xbar_mux_003"
Info: Reusing file C:/Users/caron/Desktop/caronne/FPGA/TP1/nios_system/synthesis/submodules/altera_merlin_arbitrator.sv
Info: rsp_xbar_demux: "mm_interconnect_0" instantiated altera_merlin_demultiplexer "rsp_xbar_demux"
Info: rsp_xbar_demux_003: "mm_interconnect_0" instantiated altera_merlin_demultiplexer "rsp_xbar_demux_003"
Info: rsp_xbar_mux: "mm_interconnect_0" instantiated altera_merlin_multiplexer "rsp_xbar_mux"
Info: Reusing file C:/Users/caron/Desktop/caronne/FPGA/TP1/nios_system/synthesis/submodules/altera_merlin_arbitrator.sv
Info: rsp_xbar_mux_001: "mm_interconnect_0" instantiated altera_merlin_multiplexer "rsp_xbar_mux_001"
Info: Reusing file C:/Users/caron/Desktop/caronne/FPGA/TP1/nios_system/synthesis/submodules/altera_merlin_arbitrator.sv
Info: width_adapter: "mm_interconnect_0" instantiated altera_merlin_width_adapter "width_adapter"
Info: Reusing file C:/Users/caron/Desktop/caronne/FPGA/TP1/nios_system/synthesis/submodules/altera_merlin_address_alignment.sv
Info: Reusing file C:/Users/caron/Desktop/caronne/FPGA/TP1/nios_system/synthesis/submodules/altera_merlin_burst_uncompressor.sv
Info: crosser: "mm_interconnect_0" instantiated altera_avalon_st_handshake_clock_crosser "crosser"
Info: nios_system: Done "nios_system" with 39 modules, 58 files, 1492719 bytes
Info: ip-generate succeeded.
Info: Finished: Create HDL design files for synthesis
