Archive member included because of file (symbol)

BSP/\libhal_bsp.a(alt_load.o)
                              BSP//obj/HAL/src/crt0.o (alt_load)
BSP/\libhal_bsp.a(alt_main.o)
                              BSP//obj/HAL/src/crt0.o (alt_main)
BSP/\libhal_bsp.a(alt_sys_init.o)
                              BSP/\libhal_bsp.a(alt_main.o) (alt_sys_init)
BSP/\libhal_bsp.a(altera_avalon_jtag_uart_fd.o)
                              BSP/\libhal_bsp.a(alt_sys_init.o) (altera_avalon_jtag_uart_ioctl_fd)
BSP/\libhal_bsp.a(altera_avalon_jtag_uart_init.o)
                              BSP/\libhal_bsp.a(altera_avalon_jtag_uart_fd.o) (altera_avalon_jtag_uart_close)
BSP/\libhal_bsp.a(altera_avalon_jtag_uart_ioctl.o)
                              BSP/\libhal_bsp.a(altera_avalon_jtag_uart_fd.o) (altera_avalon_jtag_uart_ioctl)
BSP/\libhal_bsp.a(altera_avalon_jtag_uart_read.o)
                              BSP/\libhal_bsp.a(altera_avalon_jtag_uart_fd.o) (altera_avalon_jtag_uart_read)
BSP/\libhal_bsp.a(altera_avalon_jtag_uart_write.o)
                              BSP/\libhal_bsp.a(altera_avalon_jtag_uart_fd.o) (altera_avalon_jtag_uart_write)
BSP/\libhal_bsp.a(alt_alarm_start.o)
                              BSP/\libhal_bsp.a(altera_avalon_jtag_uart_init.o) (alt_alarm_start)
BSP/\libhal_bsp.a(alt_close.o)
                              BSP/\libhal_bsp.a(alt_main.o) (close)
BSP/\libhal_bsp.a(alt_dcache_flush_all.o)
                              BSP/\libhal_bsp.a(alt_load.o) (alt_dcache_flush_all)
BSP/\libhal_bsp.a(alt_dev.o)  BSP/\libhal_bsp.a(alt_sys_init.o) (alt_dev_list)
BSP/\libhal_bsp.a(alt_dev_llist_insert.o)
                              BSP/\libhal_bsp.a(alt_sys_init.o) (alt_dev_llist_insert)
BSP/\libhal_bsp.a(alt_errno.o)
                              BSP/\libhal_bsp.a(alt_close.o) (alt_errno)
BSP/\libhal_bsp.a(alt_icache_flush_all.o)
                              BSP/\libhal_bsp.a(alt_load.o) (alt_icache_flush_all)
BSP/\libhal_bsp.a(alt_iic.o)  BSP/\libhal_bsp.a(altera_avalon_jtag_uart_init.o) (alt_ic_isr_register)
BSP/\libhal_bsp.a(alt_iic_isr_register.o)
                              BSP/\libhal_bsp.a(alt_iic.o) (alt_iic_isr_register)
BSP/\libhal_bsp.a(alt_io_redirect.o)
                              BSP/\libhal_bsp.a(alt_main.o) (alt_io_redirect)
BSP/\libhal_bsp.a(alt_irq_entry.o)
                              BSP/\libhal_bsp.a(alt_iic_isr_register.o) (alt_irq_entry)
BSP/\libhal_bsp.a(alt_irq_handler.o)
                              BSP/\libhal_bsp.a(alt_iic_isr_register.o) (alt_irq_handler)
BSP/\libhal_bsp.a(alt_irq_vars.o)
                              BSP/\libhal_bsp.a(alt_iic.o) (alt_irq_active)
BSP/\libhal_bsp.a(alt_open.o)
                              BSP/\libhal_bsp.a(alt_io_redirect.o) (open)
BSP/\libhal_bsp.a(alt_release_fd.o)
                              BSP/\libhal_bsp.a(alt_close.o) (alt_release_fd)
BSP/\libhal_bsp.a(alt_tick.o)
                              BSP/\libhal_bsp.a(alt_alarm_start.o) (alt_alarm_list)
BSP/\libhal_bsp.a(altera_nios2_qsys_irq.o)
                              BSP/\libhal_bsp.a(alt_sys_init.o) (altera_nios2_qsys_irq_init)
BSP/\libhal_bsp.a(alt_exception_entry.o)
                              BSP/\libhal_bsp.a(alt_irq_entry.o) (alt_exception)
BSP/\libhal_bsp.a(alt_find_dev.o)
                              BSP/\libhal_bsp.a(alt_open.o) (alt_find_dev)
BSP/\libhal_bsp.a(alt_find_file.o)
                              BSP/\libhal_bsp.a(alt_open.o) (alt_find_file)
BSP/\libhal_bsp.a(alt_get_fd.o)
                              BSP/\libhal_bsp.a(alt_open.o) (alt_get_fd)
c:/altera/13.0sp1/nios2eds/bin/gnu/h-i686-mingw32/bin/../lib/gcc/nios2-elf/4.1.2/../../../../nios2-elf/lib/mno-hw-mul\libc.a(lib_a-exit.o)
                              BSP/\libhal_bsp.a(alt_main.o) (exit)
c:/altera/13.0sp1/nios2eds/bin/gnu/h-i686-mingw32/bin/../lib/gcc/nios2-elf/4.1.2/../../../../nios2-elf/lib/mno-hw-mul\libc.a(lib_a-impure.o)
                              c:/altera/13.0sp1/nios2eds/bin/gnu/h-i686-mingw32/bin/../lib/gcc/nios2-elf/4.1.2/../../../../nios2-elf/lib/mno-hw-mul\libc.a(lib_a-exit.o) (_global_impure_ptr)
c:/altera/13.0sp1/nios2eds/bin/gnu/h-i686-mingw32/bin/../lib/gcc/nios2-elf/4.1.2/../../../../nios2-elf/lib/mno-hw-mul\libc.a(lib_a-int_errno.o)
                              BSP/\libhal_bsp.a(alt_close.o) (errno)
c:/altera/13.0sp1/nios2eds/bin/gnu/h-i686-mingw32/bin/../lib/gcc/nios2-elf/4.1.2/../../../../nios2-elf/lib/mno-hw-mul\libc.a(lib_a-memcmp.o)
                              BSP/\libhal_bsp.a(alt_find_dev.o) (memcmp)
c:/altera/13.0sp1/nios2eds/bin/gnu/h-i686-mingw32/bin/../lib/gcc/nios2-elf/4.1.2/../../../../nios2-elf/lib/mno-hw-mul\libc.a(lib_a-memcpy.o)
                              BSP/\libhal_bsp.a(altera_avalon_jtag_uart_read.o) (memcpy)
c:/altera/13.0sp1/nios2eds/bin/gnu/h-i686-mingw32/bin/../lib/gcc/nios2-elf/4.1.2/../../../../nios2-elf/lib/mno-hw-mul\libc.a(lib_a-strlen.o)
                              BSP/\libhal_bsp.a(alt_find_dev.o) (strlen)
c:/altera/13.0sp1/nios2eds/bin/gnu/h-i686-mingw32/bin/../lib/gcc/nios2-elf/4.1.2/../../../../nios2-elf/lib/mno-hw-mul\libc.a(lib_a-__call_atexit.o)
                              c:/altera/13.0sp1/nios2eds/bin/gnu/h-i686-mingw32/bin/../lib/gcc/nios2-elf/4.1.2/../../../../nios2-elf/lib/mno-hw-mul\libc.a(lib_a-exit.o) (__call_exitprocs)
c:/altera/13.0sp1/nios2eds/bin/gnu/h-i686-mingw32/bin/../lib/gcc/nios2-elf/4.1.2/mno-hw-mul\libgcc.a(lib2-mul.o)
                              BSP/\libhal_bsp.a(alt_close.o) (__mulsi3)
BSP/\libhal_bsp.a(alt_exit.o)
                              c:/altera/13.0sp1/nios2eds/bin/gnu/h-i686-mingw32/bin/../lib/gcc/nios2-elf/4.1.2/../../../../nios2-elf/lib/mno-hw-mul\libc.a(lib_a-exit.o) (_exit)

Allocating common symbols
Common symbol       size              file

alt_irq             0x100             BSP/\libhal_bsp.a(alt_irq_handler.o)
errno               0x4               c:/altera/13.0sp1/nios2eds/bin/gnu/h-i686-mingw32/bin/../lib/gcc/nios2-elf/4.1.2/../../../../nios2-elf/lib/mno-hw-mul\libc.a(lib_a-int_errno.o)

Memory Configuration

Name             Origin             Length             Attributes
MEMOIRE_INTERNE  0x00001000         0x00001000
reset            0x04000000         0x00000020
SDRAM            0x04000020         0x01ffffe0
*default*        0x00000000         0xffffffff

Linker script and memory map

LOAD BSP//obj/HAL/src/crt0.o
LOAD obj/default//P/FPGA/TP1/software/pos_init.o
LOAD c:/altera/13.0sp1/nios2eds/bin/gnu/h-i686-mingw32/bin/../lib/gcc/nios2-elf/4.1.2/../../../../nios2-elf/lib/mno-hw-mul\libstdc++.a
LOAD c:/altera/13.0sp1/nios2eds/bin/gnu/h-i686-mingw32/bin/../lib/gcc/nios2-elf/4.1.2/../../../../nios2-elf/lib/mno-hw-mul\libm.a
LOAD c:/altera/13.0sp1/nios2eds/bin/gnu/h-i686-mingw32/bin/../lib/gcc/nios2-elf/4.1.2/mno-hw-mul\libgcc.a
START GROUP
LOAD c:/altera/13.0sp1/nios2eds/bin/gnu/h-i686-mingw32/bin/../lib/gcc/nios2-elf/4.1.2/../../../../nios2-elf/lib/mno-hw-mul\libc.a
LOAD c:/altera/13.0sp1/nios2eds/bin/gnu/h-i686-mingw32/bin/../lib/gcc/nios2-elf/4.1.2/mno-hw-mul\libgcc.a
LOAD BSP/\libhal_bsp.a
END GROUP
LOAD c:/altera/13.0sp1/nios2eds/bin/gnu/h-i686-mingw32/bin/../lib/gcc/nios2-elf/4.1.2/mno-hw-mul\libgcc.a
                0x00001000                __alt_mem_MEMOIRE_INTERNE = 0x1000
                0x04000000                __alt_mem_SDRAM = 0x4000000

.entry          0x04000000       0x20
 *(.entry)
 .entry         0x04000000       0x20 BSP//obj/HAL/src/crt0.o
                0x04000000                __reset

.exceptions     0x04000020      0x148
                0x04000020                PROVIDE (__ram_exceptions_start, ABSOLUTE (.))
                0x04000020                . = ALIGN (0x20)
 *(.irq)
 *(.exceptions.entry.label)
 .exceptions.entry.label
                0x04000020        0x0 BSP/\libhal_bsp.a(alt_irq_entry.o)
                0x04000020                alt_irq_entry
 .exceptions.entry.label
                0x04000020        0x0 BSP/\libhal_bsp.a(alt_exception_entry.o)
                0x04000020                alt_exception
 *(.exceptions.entry.user)
 *(.exceptions.entry)
 .exceptions.entry
                0x04000020       0x54 BSP/\libhal_bsp.a(alt_exception_entry.o)
 *(.exceptions.irqtest.user)
 *(.exceptions.irqtest)
 .exceptions.irqtest
                0x04000074       0x10 BSP/\libhal_bsp.a(alt_irq_entry.o)
 *(.exceptions.irqhandler.user)
 *(.exceptions.irqhandler)
 .exceptions.irqhandler
                0x04000084        0x4 BSP/\libhal_bsp.a(alt_irq_entry.o)
 *(.exceptions.irqreturn.user)
 *(.exceptions.irqreturn)
 .exceptions.irqreturn
                0x04000088        0x4 BSP/\libhal_bsp.a(alt_irq_entry.o)
 *(.exceptions.notirq.label)
 .exceptions.notirq.label
                0x0400008c        0x0 BSP/\libhal_bsp.a(alt_irq_entry.o)
 *(.exceptions.notirq.user)
 *(.exceptions.notirq)
 .exceptions.notirq
                0x0400008c        0x8 BSP/\libhal_bsp.a(alt_exception_entry.o)
 *(.exceptions.soft.user)
 *(.exceptions.soft)
 *(.exceptions.unknown.user)
 *(.exceptions.unknown)
 .exceptions.unknown
                0x04000094        0x4 BSP/\libhal_bsp.a(alt_exception_entry.o)
 *(.exceptions.exit.label)
 .exceptions.exit.label
                0x04000098        0x0 BSP/\libhal_bsp.a(alt_irq_entry.o)
 .exceptions.exit.label
                0x04000098        0x0 BSP/\libhal_bsp.a(alt_exception_entry.o)
 *(.exceptions.exit.user)
 *(.exceptions.exit)
 .exceptions.exit
                0x04000098       0x54 BSP/\libhal_bsp.a(alt_exception_entry.o)
 *(.exceptions)
 .exceptions    0x040000ec       0x7c BSP/\libhal_bsp.a(alt_irq_handler.o)
                0x040000ec                alt_irq_handler
                0x04000168                PROVIDE (__ram_exceptions_end, ABSOLUTE (.))
                0x04000020                PROVIDE (__flash_exceptions_start, LOADADDR (.exceptions))

.text           0x04000168     0x1480
                0x04000168                PROVIDE (stext, ABSOLUTE (.))
 *(.interp)
 *(.hash)
 *(.dynsym)
 *(.dynstr)
 *(.gnu.version)
 *(.gnu.version_d)
 *(.gnu.version_r)
 *(.rel.init)
 *(.rela.init)
 *(.rel.text .rel.text.* .rel.gnu.linkonce.t.*)
 *(.rela.text .rela.text.* .rela.gnu.linkonce.t.*)
 *(.rel.fini)
 *(.rela.fini)
 *(.rel.rodata .rel.rodata.* .rel.gnu.linkonce.r.*)
 *(.rela.rodata .rela.rodata.* .rela.gnu.linkonce.r.*)
 *(.rel.data .rel.data.* .rel.gnu.linkonce.d.*)
 *(.rela.data .rela.data.* .rela.gnu.linkonce.d.*)
 *(.rel.tdata .rel.tdata.* .rel.gnu.linkonce.td.*)
 *(.rela.tdata .rela.tdata.* .rela.gnu.linkonce.td.*)
 *(.rel.tbss .rel.tbss.* .rel.gnu.linkonce.tb.*)
 *(.rela.tbss .rela.tbss.* .rela.gnu.linkonce.tb.*)
 *(.rel.ctors)
 *(.rela.ctors)
 *(.rel.dtors)
 *(.rela.dtors)
 *(.rel.got)
 *(.rela.got)
 *(.rel.sdata .rel.sdata.* .rel.gnu.linkonce.s.*)
 *(.rela.sdata .rela.sdata.* .rela.gnu.linkonce.s.*)
 *(.rel.sbss .rel.sbss.* .rel.gnu.linkonce.sb.*)
 *(.rela.sbss .rela.sbss.* .rela.gnu.linkonce.sb.*)
 *(.rel.sdata2 .rel.sdata2.* .rel.gnu.linkonce.s2.*)
 *(.rela.sdata2 .rela.sdata2.* .rela.gnu.linkonce.s2.*)
 *(.rel.sbss2 .rel.sbss2.* .rel.gnu.linkonce.sb2.*)
 *(.rela.sbss2 .rela.sbss2.* .rela.gnu.linkonce.sb2.*)
 *(.rel.bss .rel.bss.* .rel.gnu.linkonce.b.*)
 *(.rela.bss .rela.bss.* .rela.gnu.linkonce.b.*)
 *(.rel.plt)
 *(.rela.plt)
 *(.rel.dyn)
 *(.init)
 *(.plt)
 *(.text .stub .text.* .gnu.linkonce.t.*)
 .text          0x04000168       0x3c BSP//obj/HAL/src/crt0.o
                0x04000168                _start
 .text          0x040001a4       0x14 obj/default//P/FPGA/TP1/software/pos_init.o
                0x040001a4                main
 .text          0x040001b8       0xc4 BSP/\libhal_bsp.a(alt_load.o)
                0x040001b8                alt_load
 .text          0x0400027c       0x50 BSP/\libhal_bsp.a(alt_main.o)
                0x0400027c                alt_main
 .text          0x040002cc       0x64 BSP/\libhal_bsp.a(alt_sys_init.o)
                0x040002cc                alt_sys_init
                0x04000310                alt_irq_init
 .text          0x04000330       0x98 BSP/\libhal_bsp.a(altera_avalon_jtag_uart_fd.o)
                0x04000330                altera_avalon_jtag_uart_ioctl_fd
                0x04000350                altera_avalon_jtag_uart_close_fd
                0x04000378                altera_avalon_jtag_uart_write_fd
                0x040003a0                altera_avalon_jtag_uart_read_fd
 .text          0x040003c8      0x240 BSP/\libhal_bsp.a(altera_avalon_jtag_uart_init.o)
                0x040003c8                altera_avalon_jtag_uart_close
                0x04000454                altera_avalon_jtag_uart_init
 .text          0x04000608       0x74 BSP/\libhal_bsp.a(altera_avalon_jtag_uart_ioctl.o)
                0x04000608                altera_avalon_jtag_uart_ioctl
 .text          0x0400067c      0x168 BSP/\libhal_bsp.a(altera_avalon_jtag_uart_read.o)
                0x0400067c                altera_avalon_jtag_uart_read
 .text          0x040007e4      0x17c BSP/\libhal_bsp.a(altera_avalon_jtag_uart_write.o)
                0x040007e4                altera_avalon_jtag_uart_write
 .text          0x04000960       0x94 BSP/\libhal_bsp.a(alt_alarm_start.o)
                0x04000960                alt_alarm_start
 .text          0x040009f4       0xe0 BSP/\libhal_bsp.a(alt_close.o)
                0x040009f4                close
 .text          0x04000ad4        0x4 BSP/\libhal_bsp.a(alt_dcache_flush_all.o)
                0x04000ad4                alt_dcache_flush_all
 .text          0x04000ad8        0x8 BSP/\libhal_bsp.a(alt_dev.o)
 .text          0x04000ae0       0x70 BSP/\libhal_bsp.a(alt_dev_llist_insert.o)
                0x04000ae0                alt_dev_llist_insert
 .text          0x04000b50        0x0 BSP/\libhal_bsp.a(alt_errno.o)
 .text          0x04000b50        0x4 BSP/\libhal_bsp.a(alt_icache_flush_all.o)
                0x04000b50                alt_icache_flush_all
 .text          0x04000b54       0xb8 BSP/\libhal_bsp.a(alt_iic.o)
                0x04000b54                alt_ic_irq_enabled
                0x04000b6c                alt_ic_irq_enable
                0x04000bac                alt_ic_irq_disable
                0x04000bec                alt_ic_isr_register
 .text          0x04000c0c       0x68 BSP/\libhal_bsp.a(alt_iic_isr_register.o)
                0x04000c0c                alt_iic_isr_register
 .text          0x04000c74      0x110 BSP/\libhal_bsp.a(alt_io_redirect.o)
                0x04000cec                alt_io_redirect
 .text          0x04000d84        0x0 BSP/\libhal_bsp.a(alt_irq_entry.o)
 .text          0x04000d84        0x0 BSP/\libhal_bsp.a(alt_irq_handler.o)
 .text          0x04000d84        0x0 BSP/\libhal_bsp.a(alt_irq_vars.o)
 .text          0x04000d84      0x184 BSP/\libhal_bsp.a(alt_open.o)
                0x04000d84                open
 .text          0x04000f08       0x68 BSP/\libhal_bsp.a(alt_release_fd.o)
                0x04000f08                alt_release_fd
 .text          0x04000f70       0xe0 BSP/\libhal_bsp.a(alt_tick.o)
                0x04000f70                alt_alarm_stop
                0x04000fa4                alt_tick
 .text          0x04001050        0x8 BSP/\libhal_bsp.a(altera_nios2_qsys_irq.o)
                0x04001050                altera_nios2_qsys_irq_init
 .text          0x04001058        0x0 BSP/\libhal_bsp.a(alt_exception_entry.o)
 .text          0x04001058       0x70 BSP/\libhal_bsp.a(alt_find_dev.o)
                0x04001058                alt_find_dev
 .text          0x040010c8       0xbc BSP/\libhal_bsp.a(alt_find_file.o)
                0x040010c8                alt_find_file
 .text          0x04001184       0xa0 BSP/\libhal_bsp.a(alt_get_fd.o)
                0x04001184                alt_get_fd
 .text          0x04001224       0x38 c:/altera/13.0sp1/nios2eds/bin/gnu/h-i686-mingw32/bin/../lib/gcc/nios2-elf/4.1.2/../../../../nios2-elf/lib/mno-hw-mul\libc.a(lib_a-exit.o)
                0x04001224                exit
 .text          0x0400125c        0x0 c:/altera/13.0sp1/nios2eds/bin/gnu/h-i686-mingw32/bin/../lib/gcc/nios2-elf/4.1.2/../../../../nios2-elf/lib/mno-hw-mul\libc.a(lib_a-impure.o)
 .text          0x0400125c        0x0 c:/altera/13.0sp1/nios2eds/bin/gnu/h-i686-mingw32/bin/../lib/gcc/nios2-elf/4.1.2/../../../../nios2-elf/lib/mno-hw-mul\libc.a(lib_a-int_errno.o)
 .text          0x0400125c       0x74 c:/altera/13.0sp1/nios2eds/bin/gnu/h-i686-mingw32/bin/../lib/gcc/nios2-elf/4.1.2/../../../../nios2-elf/lib/mno-hw-mul\libc.a(lib_a-memcmp.o)
                0x0400125c                memcmp
 .text          0x040012d0       0xa0 c:/altera/13.0sp1/nios2eds/bin/gnu/h-i686-mingw32/bin/../lib/gcc/nios2-elf/4.1.2/../../../../nios2-elf/lib/mno-hw-mul\libc.a(lib_a-memcpy.o)
                0x040012d0                memcpy
 .text          0x04001370       0x74 c:/altera/13.0sp1/nios2eds/bin/gnu/h-i686-mingw32/bin/../lib/gcc/nios2-elf/4.1.2/../../../../nios2-elf/lib/mno-hw-mul\libc.a(lib_a-strlen.o)
                0x04001370                strlen
 .text          0x040013e4      0x1b4 c:/altera/13.0sp1/nios2eds/bin/gnu/h-i686-mingw32/bin/../lib/gcc/nios2-elf/4.1.2/../../../../nios2-elf/lib/mno-hw-mul\libc.a(lib_a-__call_atexit.o)
                0x040013e8                __call_exitprocs
 .text          0x04001598       0x38 c:/altera/13.0sp1/nios2eds/bin/gnu/h-i686-mingw32/bin/../lib/gcc/nios2-elf/4.1.2/mno-hw-mul\libgcc.a(lib2-mul.o)
                0x04001598                __mulsi3
 .text          0x040015d0       0x14 BSP/\libhal_bsp.a(alt_exit.o)
                0x040015d0                _exit
 *(.gnu.warning.*)
 *(.fini)
                0x040015e4                PROVIDE (__etext, ABSOLUTE (.))
                0x040015e4                PROVIDE (_etext, ABSOLUTE (.))
                0x040015e4                PROVIDE (etext, ABSOLUTE (.))
 *(.eh_frame_hdr)
                0x040015e4                . = ALIGN (0x4)
                0x040015e4                PROVIDE (__preinit_array_start, ABSOLUTE (.))
 *(.preinit_array)
                0x040015e4                PROVIDE (__preinit_array_end, ABSOLUTE (.))
                0x040015e4                PROVIDE (__init_array_start, ABSOLUTE (.))
 *(.init_array)
                0x040015e4                PROVIDE (__init_array_end, ABSOLUTE (.))
                0x040015e4                PROVIDE (__fini_array_start, ABSOLUTE (.))
 *(.fini_array)
                0x040015e4                PROVIDE (__fini_array_end, ABSOLUTE (.))
 *(.eh_frame)
 *(.gcc_except_table)
 *(.dynamic)
                0x040015e4                PROVIDE (__CTOR_LIST__, ABSOLUTE (.))
 *(.ctors)
 *(SORT(.ctors.*))
 .ctors.65535   0x040015e4        0x4 c:/altera/13.0sp1/nios2eds/bin/gnu/h-i686-mingw32/bin/../lib/gcc/nios2-elf/4.1.2/../../../../nios2-elf/lib/mno-hw-mul\libc.a(lib_a-__call_atexit.o)
                0x040015e8                PROVIDE (__CTOR_END__, ABSOLUTE (.))
                0x040015e8                PROVIDE (__DTOR_LIST__, ABSOLUTE (.))
 *(.dtors)
 *(SORT(.dtors.*))
                0x040015e8                PROVIDE (__DTOR_END__, ABSOLUTE (.))
 *(.jcr)
                0x040015e8                . = ALIGN (0x4)

.rodata         0x040015e8       0x20
                0x040015e8                PROVIDE (__ram_rodata_start, ABSOLUTE (.))
                0x040015e8                . = ALIGN (0x4)
 *(.rodata .rodata.* .gnu.linkonce.r.*)
 .rodata.str1.4
                0x040015e8        0xf BSP/\libhal_bsp.a(alt_main.o)
                                 0x10 (size before relaxing)
 .rodata.str1.4
                0x00000000       0x10 BSP/\libhal_bsp.a(alt_sys_init.o)
 *fill*         0x040015f7        0x1 00
 .rodata.str1.4
                0x040015f8        0xa BSP/\libhal_bsp.a(alt_dev.o)
                                  0xc (size before relaxing)
 *fill*         0x04001602        0x2 00
 .rodata.str1.4
                0x04001604        0x4 c:/altera/13.0sp1/nios2eds/bin/gnu/h-i686-mingw32/bin/../lib/gcc/nios2-elf/4.1.2/../../../../nios2-elf/lib/mno-hw-mul\libc.a(lib_a-impure.o)
 *(.rodata1)
                0x04001608                . = ALIGN (0x4)
                0x04001608                PROVIDE (__ram_rodata_end, ABSOLUTE (.))
                0x040015e8                PROVIDE (__flash_rodata_start, LOADADDR (.rodata))

.rwdata         0x04001608     0x1634 load address 0x04002c3c
                0x04001608                PROVIDE (__ram_rwdata_start, ABSOLUTE (.))
                0x04001608                . = ALIGN (0x4)
 *(.got.plt)
 *(.got)
 *(.data1)
 *(.data .data.* .gnu.linkonce.d.*)
 .data          0x04001608        0x0 BSP//obj/HAL/src/crt0.o
 .data          0x04001608        0x0 obj/default//P/FPGA/TP1/software/pos_init.o
 .data          0x04001608        0x0 BSP/\libhal_bsp.a(alt_load.o)
 .data          0x04001608        0x0 BSP/\libhal_bsp.a(alt_main.o)
 .data          0x04001608     0x1060 BSP/\libhal_bsp.a(alt_sys_init.o)
 .data          0x04002668        0x0 BSP/\libhal_bsp.a(altera_avalon_jtag_uart_fd.o)
 .data          0x04002668        0x0 BSP/\libhal_bsp.a(altera_avalon_jtag_uart_init.o)
 .data          0x04002668        0x0 BSP/\libhal_bsp.a(altera_avalon_jtag_uart_ioctl.o)
 .data          0x04002668        0x0 BSP/\libhal_bsp.a(altera_avalon_jtag_uart_read.o)
 .data          0x04002668        0x0 BSP/\libhal_bsp.a(altera_avalon_jtag_uart_write.o)
 .data          0x04002668        0x0 BSP/\libhal_bsp.a(alt_alarm_start.o)
 .data          0x04002668        0x0 BSP/\libhal_bsp.a(alt_close.o)
 .data          0x04002668        0x0 BSP/\libhal_bsp.a(alt_dcache_flush_all.o)
 .data          0x04002668      0x1a8 BSP/\libhal_bsp.a(alt_dev.o)
                0x04002668                alt_dev_null
                0x04002690                alt_fd_list
 .data          0x04002810        0x0 BSP/\libhal_bsp.a(alt_dev_llist_insert.o)
 .data          0x04002810        0x0 BSP/\libhal_bsp.a(alt_errno.o)
 .data          0x04002810        0x0 BSP/\libhal_bsp.a(alt_icache_flush_all.o)
 .data          0x04002810        0x0 BSP/\libhal_bsp.a(alt_iic.o)
 .data          0x04002810        0x0 BSP/\libhal_bsp.a(alt_iic_isr_register.o)
 .data          0x04002810        0x0 BSP/\libhal_bsp.a(alt_io_redirect.o)
 .data          0x04002810        0x0 BSP/\libhal_bsp.a(alt_irq_entry.o)
 .data          0x04002810        0x0 BSP/\libhal_bsp.a(alt_irq_handler.o)
 .data          0x04002810        0x0 BSP/\libhal_bsp.a(alt_irq_vars.o)
 .data          0x04002810        0x0 BSP/\libhal_bsp.a(alt_open.o)
 .data          0x04002810        0x0 BSP/\libhal_bsp.a(alt_release_fd.o)
 .data          0x04002810        0x0 BSP/\libhal_bsp.a(alt_tick.o)
 .data          0x04002810        0x0 BSP/\libhal_bsp.a(altera_nios2_qsys_irq.o)
 .data          0x04002810        0x0 BSP/\libhal_bsp.a(alt_exception_entry.o)
 .data          0x04002810        0x0 BSP/\libhal_bsp.a(alt_find_dev.o)
 .data          0x04002810        0x0 BSP/\libhal_bsp.a(alt_find_file.o)
 .data          0x04002810        0x0 BSP/\libhal_bsp.a(alt_get_fd.o)
 .data          0x04002810        0x0 c:/altera/13.0sp1/nios2eds/bin/gnu/h-i686-mingw32/bin/../lib/gcc/nios2-elf/4.1.2/../../../../nios2-elf/lib/mno-hw-mul\libc.a(lib_a-exit.o)
 .data          0x04002810      0x400 c:/altera/13.0sp1/nios2eds/bin/gnu/h-i686-mingw32/bin/../lib/gcc/nios2-elf/4.1.2/../../../../nios2-elf/lib/mno-hw-mul\libc.a(lib_a-impure.o)
 .data          0x04002c10        0x0 c:/altera/13.0sp1/nios2eds/bin/gnu/h-i686-mingw32/bin/../lib/gcc/nios2-elf/4.1.2/../../../../nios2-elf/lib/mno-hw-mul\libc.a(lib_a-int_errno.o)
 .data          0x04002c10        0x0 c:/altera/13.0sp1/nios2eds/bin/gnu/h-i686-mingw32/bin/../lib/gcc/nios2-elf/4.1.2/../../../../nios2-elf/lib/mno-hw-mul\libc.a(lib_a-memcmp.o)
 .data          0x04002c10        0x0 c:/altera/13.0sp1/nios2eds/bin/gnu/h-i686-mingw32/bin/../lib/gcc/nios2-elf/4.1.2/../../../../nios2-elf/lib/mno-hw-mul\libc.a(lib_a-memcpy.o)
 .data          0x04002c10        0x0 c:/altera/13.0sp1/nios2eds/bin/gnu/h-i686-mingw32/bin/../lib/gcc/nios2-elf/4.1.2/../../../../nios2-elf/lib/mno-hw-mul\libc.a(lib_a-strlen.o)
 .data          0x04002c10        0x0 c:/altera/13.0sp1/nios2eds/bin/gnu/h-i686-mingw32/bin/../lib/gcc/nios2-elf/4.1.2/../../../../nios2-elf/lib/mno-hw-mul\libc.a(lib_a-__call_atexit.o)
 .data          0x04002c10        0x0 c:/altera/13.0sp1/nios2eds/bin/gnu/h-i686-mingw32/bin/../lib/gcc/nios2-elf/4.1.2/mno-hw-mul\libgcc.a(lib2-mul.o)
 .data          0x04002c10        0x0 BSP/\libhal_bsp.a(alt_exit.o)
                0x0400ac10                _gp = ABSOLUTE ((. + 0x8000))
                0x0400ac10                PROVIDE (gp, _gp)
 *(.rwdata .rwdata.*)
 *(.sdata .sdata.* .gnu.linkonce.s.*)
 .sdata         0x04002c10       0x14 BSP/\libhal_bsp.a(alt_dev.o)
                0x04002c10                alt_fs_list
                0x04002c18                alt_dev_list
                0x04002c20                alt_max_fd
 .sdata         0x04002c24        0x4 BSP/\libhal_bsp.a(alt_errno.o)
                0x04002c24                alt_errno
 .sdata         0x04002c28        0x4 BSP/\libhal_bsp.a(alt_irq_vars.o)
                0x04002c28                alt_priority_mask
 .sdata         0x04002c2c        0x8 BSP/\libhal_bsp.a(alt_tick.o)
                0x04002c2c                alt_alarm_list
 .sdata         0x04002c34        0x8 c:/altera/13.0sp1/nios2eds/bin/gnu/h-i686-mingw32/bin/../lib/gcc/nios2-elf/4.1.2/../../../../nios2-elf/lib/mno-hw-mul\libc.a(lib_a-impure.o)
                0x04002c34                _impure_ptr
                0x04002c38                _global_impure_ptr
 *(.sdata2 .sdata2.* .gnu.linkonce.s2.*)
                0x04002c3c                . = ALIGN (0x4)
                0x04002c3c                _edata = ABSOLUTE (.)
                0x04002c3c                PROVIDE (edata, ABSOLUTE (.))
                0x04002c3c                PROVIDE (__ram_rwdata_end, ABSOLUTE (.))
                0x04002c3c                PROVIDE (__flash_rwdata_start, LOADADDR (.rwdata))

.bss            0x04004270      0x11c
                0x04004270                __bss_start = ABSOLUTE (.)
                0x04004270                PROVIDE (__sbss_start, ABSOLUTE (.))
                0x04004270                PROVIDE (___sbss_start, ABSOLUTE (.))
 *(.dynsbss)
 *(.sbss .sbss.* .gnu.linkonce.sb.*)
 .sbss          0x04004270        0xc BSP/\libhal_bsp.a(alt_main.o)
                0x04004270                alt_argc
                0x04004274                alt_argv
                0x04004278                alt_envp
 .sbss          0x0400427c        0x4 BSP/\libhal_bsp.a(alt_irq_vars.o)
                0x0400427c                alt_irq_active
 .sbss          0x04004280        0x8 BSP/\libhal_bsp.a(alt_tick.o)
                0x04004280                _alt_tick_rate
                0x04004284                _alt_nticks
 .sbss          0x04004288        0x4 c:/altera/13.0sp1/nios2eds/bin/gnu/h-i686-mingw32/bin/../lib/gcc/nios2-elf/4.1.2/../../../../nios2-elf/lib/mno-hw-mul\libc.a(lib_a-int_errno.o)
                0x04004288                errno
 *(.sbss2 .sbss2.* .gnu.linkonce.sb2.*)
 *(.scommon)
                0x0400428c                PROVIDE (__sbss_end, ABSOLUTE (.))
                0x0400428c                PROVIDE (___sbss_end, ABSOLUTE (.))
 *(.dynbss)
 *(.bss .bss.* .gnu.linkonce.b.*)
 .bss           0x0400428c        0x0 BSP//obj/HAL/src/crt0.o
 .bss           0x0400428c        0x0 obj/default//P/FPGA/TP1/software/pos_init.o
 .bss           0x0400428c        0x0 BSP/\libhal_bsp.a(alt_load.o)
 .bss           0x0400428c        0x0 BSP/\libhal_bsp.a(alt_main.o)
 .bss           0x0400428c        0x0 BSP/\libhal_bsp.a(alt_sys_init.o)
 .bss           0x0400428c        0x0 BSP/\libhal_bsp.a(altera_avalon_jtag_uart_fd.o)
 .bss           0x0400428c        0x0 BSP/\libhal_bsp.a(altera_avalon_jtag_uart_init.o)
 .bss           0x0400428c        0x0 BSP/\libhal_bsp.a(altera_avalon_jtag_uart_ioctl.o)
 .bss           0x0400428c        0x0 BSP/\libhal_bsp.a(altera_avalon_jtag_uart_read.o)
 .bss           0x0400428c        0x0 BSP/\libhal_bsp.a(altera_avalon_jtag_uart_write.o)
 .bss           0x0400428c        0x0 BSP/\libhal_bsp.a(alt_alarm_start.o)
 .bss           0x0400428c        0x0 BSP/\libhal_bsp.a(alt_close.o)
 .bss           0x0400428c        0x0 BSP/\libhal_bsp.a(alt_dcache_flush_all.o)
 .bss           0x0400428c        0x0 BSP/\libhal_bsp.a(alt_dev.o)
 .bss           0x0400428c        0x0 BSP/\libhal_bsp.a(alt_dev_llist_insert.o)
 .bss           0x0400428c        0x0 BSP/\libhal_bsp.a(alt_errno.o)
 .bss           0x0400428c        0x0 BSP/\libhal_bsp.a(alt_icache_flush_all.o)
 .bss           0x0400428c        0x0 BSP/\libhal_bsp.a(alt_iic.o)
 .bss           0x0400428c        0x0 BSP/\libhal_bsp.a(alt_iic_isr_register.o)
 .bss           0x0400428c        0x0 BSP/\libhal_bsp.a(alt_io_redirect.o)
 .bss           0x0400428c        0x0 BSP/\libhal_bsp.a(alt_irq_entry.o)
 .bss           0x0400428c        0x0 BSP/\libhal_bsp.a(alt_irq_handler.o)
 .bss           0x0400428c        0x0 BSP/\libhal_bsp.a(alt_irq_vars.o)
 .bss           0x0400428c        0x0 BSP/\libhal_bsp.a(alt_open.o)
 .bss           0x0400428c        0x0 BSP/\libhal_bsp.a(alt_release_fd.o)
 .bss           0x0400428c        0x0 BSP/\libhal_bsp.a(alt_tick.o)
 .bss           0x0400428c        0x0 BSP/\libhal_bsp.a(altera_nios2_qsys_irq.o)
 .bss           0x0400428c        0x0 BSP/\libhal_bsp.a(alt_exception_entry.o)
 .bss           0x0400428c        0x0 BSP/\libhal_bsp.a(alt_find_dev.o)
 .bss           0x0400428c        0x0 BSP/\libhal_bsp.a(alt_find_file.o)
 .bss           0x0400428c        0x0 BSP/\libhal_bsp.a(alt_get_fd.o)
 .bss           0x0400428c        0x0 c:/altera/13.0sp1/nios2eds/bin/gnu/h-i686-mingw32/bin/../lib/gcc/nios2-elf/4.1.2/../../../../nios2-elf/lib/mno-hw-mul\libc.a(lib_a-exit.o)
 .bss           0x0400428c        0x0 c:/altera/13.0sp1/nios2eds/bin/gnu/h-i686-mingw32/bin/../lib/gcc/nios2-elf/4.1.2/../../../../nios2-elf/lib/mno-hw-mul\libc.a(lib_a-impure.o)
 .bss           0x0400428c        0x0 c:/altera/13.0sp1/nios2eds/bin/gnu/h-i686-mingw32/bin/../lib/gcc/nios2-elf/4.1.2/../../../../nios2-elf/lib/mno-hw-mul\libc.a(lib_a-int_errno.o)
 .bss           0x0400428c        0x0 c:/altera/13.0sp1/nios2eds/bin/gnu/h-i686-mingw32/bin/../lib/gcc/nios2-elf/4.1.2/../../../../nios2-elf/lib/mno-hw-mul\libc.a(lib_a-memcmp.o)
 .bss           0x0400428c        0x0 c:/altera/13.0sp1/nios2eds/bin/gnu/h-i686-mingw32/bin/../lib/gcc/nios2-elf/4.1.2/../../../../nios2-elf/lib/mno-hw-mul\libc.a(lib_a-memcpy.o)
 .bss           0x0400428c        0x0 c:/altera/13.0sp1/nios2eds/bin/gnu/h-i686-mingw32/bin/../lib/gcc/nios2-elf/4.1.2/../../../../nios2-elf/lib/mno-hw-mul\libc.a(lib_a-strlen.o)
 .bss           0x0400428c        0x0 c:/altera/13.0sp1/nios2eds/bin/gnu/h-i686-mingw32/bin/../lib/gcc/nios2-elf/4.1.2/../../../../nios2-elf/lib/mno-hw-mul\libc.a(lib_a-__call_atexit.o)
 .bss           0x0400428c        0x0 c:/altera/13.0sp1/nios2eds/bin/gnu/h-i686-mingw32/bin/../lib/gcc/nios2-elf/4.1.2/mno-hw-mul\libgcc.a(lib2-mul.o)
 .bss           0x0400428c        0x0 BSP/\libhal_bsp.a(alt_exit.o)
 *(COMMON)
 COMMON         0x0400428c      0x100 BSP/\libhal_bsp.a(alt_irq_handler.o)
                0x0400428c                alt_irq
                0x0400438c                . = ALIGN (0x4)
                0x0400438c                __bss_end = ABSOLUTE (.)

.MEMOIRE_INTERNE
                0x00001000        0x0 load address 0x0400438c
                0x00001000                PROVIDE (_alt_partition_MEMOIRE_INTERNE_start, ABSOLUTE (.))
 *(.MEMOIRE_INTERNE. MEMOIRE_INTERNE.*)
                0x00001000                . = ALIGN (0x4)
                0x00001000                PROVIDE (_alt_partition_MEMOIRE_INTERNE_end, ABSOLUTE (.))
                0x0400438c                PROVIDE (_alt_partition_MEMOIRE_INTERNE_load_addr, LOADADDR (.MEMOIRE_INTERNE))

.SDRAM          0x0400438c        0x0
                0x0400438c                PROVIDE (_alt_partition_SDRAM_start, ABSOLUTE (.))
 *(.SDRAM. SDRAM.*)
                0x0400438c                . = ALIGN (0x4)
                0x0400438c                PROVIDE (_alt_partition_SDRAM_end, ABSOLUTE (.))
                0x0400438c                _end = ABSOLUTE (.)
                0x0400438c                end = ABSOLUTE (.)
                0x0400438c                __alt_stack_base = ABSOLUTE (.)
                0x0400438c                PROVIDE (_alt_partition_SDRAM_load_addr, LOADADDR (.SDRAM))

.stab
 *(.stab)

.stabstr
 *(.stabstr)

.stab.excl
 *(.stab.excl)

.stab.exclstr
 *(.stab.exclstr)

.stab.index
 *(.stab.index)

.stab.indexstr
 *(.stab.indexstr)

.comment        0x00000000       0x26
 *(.comment)
 .comment       0x00000000       0x26 obj/default//P/FPGA/TP1/software/pos_init.o
                                 0x27 (size before relaxing)
 .comment       0x00000000       0x27 BSP/\libhal_bsp.a(alt_load.o)
 .comment       0x00000000       0x27 BSP/\libhal_bsp.a(alt_main.o)
 .comment       0x00000000       0x27 BSP/\libhal_bsp.a(alt_sys_init.o)
 .comment       0x00000000       0x27 BSP/\libhal_bsp.a(altera_avalon_jtag_uart_fd.o)
 .comment       0x00000000       0x27 BSP/\libhal_bsp.a(altera_avalon_jtag_uart_init.o)
 .comment       0x00000000       0x27 BSP/\libhal_bsp.a(altera_avalon_jtag_uart_ioctl.o)
 .comment       0x00000000       0x27 BSP/\libhal_bsp.a(altera_avalon_jtag_uart_read.o)
 .comment       0x00000000       0x27 BSP/\libhal_bsp.a(altera_avalon_jtag_uart_write.o)
 .comment       0x00000000       0x27 BSP/\libhal_bsp.a(alt_alarm_start.o)
 .comment       0x00000000       0x27 BSP/\libhal_bsp.a(alt_close.o)
 .comment       0x00000000       0x27 BSP/\libhal_bsp.a(alt_dcache_flush_all.o)
 .comment       0x00000000       0x27 BSP/\libhal_bsp.a(alt_dev.o)
 .comment       0x00000000       0x27 BSP/\libhal_bsp.a(alt_dev_llist_insert.o)
 .comment       0x00000000       0x27 BSP/\libhal_bsp.a(alt_errno.o)
 .comment       0x00000000       0x27 BSP/\libhal_bsp.a(alt_icache_flush_all.o)
 .comment       0x00000000       0x27 BSP/\libhal_bsp.a(alt_iic.o)
 .comment       0x00000000       0x27 BSP/\libhal_bsp.a(alt_iic_isr_register.o)
 .comment       0x00000000       0x27 BSP/\libhal_bsp.a(alt_io_redirect.o)
 .comment       0x00000000       0x27 BSP/\libhal_bsp.a(alt_irq_handler.o)
 .comment       0x00000000       0x27 BSP/\libhal_bsp.a(alt_irq_vars.o)
 .comment       0x00000000       0x27 BSP/\libhal_bsp.a(alt_open.o)
 .comment       0x00000000       0x27 BSP/\libhal_bsp.a(alt_release_fd.o)
 .comment       0x00000000       0x27 BSP/\libhal_bsp.a(alt_tick.o)
 .comment       0x00000000       0x27 BSP/\libhal_bsp.a(altera_nios2_qsys_irq.o)
 .comment       0x00000000       0x27 BSP/\libhal_bsp.a(alt_find_dev.o)
 .comment       0x00000000       0x27 BSP/\libhal_bsp.a(alt_find_file.o)
 .comment       0x00000000       0x27 BSP/\libhal_bsp.a(alt_get_fd.o)
 .comment       0x00000000       0x27 c:/altera/13.0sp1/nios2eds/bin/gnu/h-i686-mingw32/bin/../lib/gcc/nios2-elf/4.1.2/../../../../nios2-elf/lib/mno-hw-mul\libc.a(lib_a-exit.o)
 .comment       0x00000000       0x27 c:/altera/13.0sp1/nios2eds/bin/gnu/h-i686-mingw32/bin/../lib/gcc/nios2-elf/4.1.2/../../../../nios2-elf/lib/mno-hw-mul\libc.a(lib_a-impure.o)
 .comment       0x00000000       0x27 c:/altera/13.0sp1/nios2eds/bin/gnu/h-i686-mingw32/bin/../lib/gcc/nios2-elf/4.1.2/../../../../nios2-elf/lib/mno-hw-mul\libc.a(lib_a-int_errno.o)
 .comment       0x00000000       0x27 c:/altera/13.0sp1/nios2eds/bin/gnu/h-i686-mingw32/bin/../lib/gcc/nios2-elf/4.1.2/../../../../nios2-elf/lib/mno-hw-mul\libc.a(lib_a-memcmp.o)
 .comment       0x00000000       0x27 c:/altera/13.0sp1/nios2eds/bin/gnu/h-i686-mingw32/bin/../lib/gcc/nios2-elf/4.1.2/../../../../nios2-elf/lib/mno-hw-mul\libc.a(lib_a-memcpy.o)
 .comment       0x00000000       0x27 c:/altera/13.0sp1/nios2eds/bin/gnu/h-i686-mingw32/bin/../lib/gcc/nios2-elf/4.1.2/../../../../nios2-elf/lib/mno-hw-mul\libc.a(lib_a-strlen.o)
 .comment       0x00000000       0x27 c:/altera/13.0sp1/nios2eds/bin/gnu/h-i686-mingw32/bin/../lib/gcc/nios2-elf/4.1.2/../../../../nios2-elf/lib/mno-hw-mul\libc.a(lib_a-__call_atexit.o)
 .comment       0x00000000       0x27 c:/altera/13.0sp1/nios2eds/bin/gnu/h-i686-mingw32/bin/../lib/gcc/nios2-elf/4.1.2/mno-hw-mul\libgcc.a(lib2-mul.o)
 .comment       0x00000000       0x27 BSP/\libhal_bsp.a(alt_exit.o)

.debug
 *(.debug)

.line
 *(.line)

.debug_srcinfo
 *(.debug_srcinfo)

.debug_sfnames
 *(.debug_sfnames)

.debug_aranges  0x00000000      0x4b8
 *(.debug_aranges)
 .debug_aranges
                0x00000000       0x28 BSP//obj/HAL/src/crt0.o
 .debug_aranges
                0x00000028       0x20 obj/default//P/FPGA/TP1/software/pos_init.o
 .debug_aranges
                0x00000048       0x20 BSP/\libhal_bsp.a(alt_load.o)
 .debug_aranges
                0x00000068       0x20 BSP/\libhal_bsp.a(alt_main.o)
 .debug_aranges
                0x00000088       0x20 BSP/\libhal_bsp.a(alt_sys_init.o)
 .debug_aranges
                0x000000a8       0x20 BSP/\libhal_bsp.a(altera_avalon_jtag_uart_fd.o)
 .debug_aranges
                0x000000c8       0x20 BSP/\libhal_bsp.a(altera_avalon_jtag_uart_init.o)
 .debug_aranges
                0x000000e8       0x20 BSP/\libhal_bsp.a(altera_avalon_jtag_uart_ioctl.o)
 .debug_aranges
                0x00000108       0x20 BSP/\libhal_bsp.a(altera_avalon_jtag_uart_read.o)
 .debug_aranges
                0x00000128       0x20 BSP/\libhal_bsp.a(altera_avalon_jtag_uart_write.o)
 .debug_aranges
                0x00000148       0x20 BSP/\libhal_bsp.a(alt_alarm_start.o)
 .debug_aranges
                0x00000168       0x20 BSP/\libhal_bsp.a(alt_close.o)
 .debug_aranges
                0x00000188       0x20 BSP/\libhal_bsp.a(alt_dcache_flush_all.o)
 .debug_aranges
                0x000001a8       0x20 BSP/\libhal_bsp.a(alt_dev.o)
 .debug_aranges
                0x000001c8       0x20 BSP/\libhal_bsp.a(alt_dev_llist_insert.o)
 .debug_aranges
                0x000001e8       0x20 BSP/\libhal_bsp.a(alt_icache_flush_all.o)
 .debug_aranges
                0x00000208       0x20 BSP/\libhal_bsp.a(alt_iic.o)
 .debug_aranges
                0x00000228       0x20 BSP/\libhal_bsp.a(alt_iic_isr_register.o)
 .debug_aranges
                0x00000248       0x20 BSP/\libhal_bsp.a(alt_io_redirect.o)
 .debug_aranges
                0x00000268       0x30 BSP/\libhal_bsp.a(alt_irq_entry.o)
 .debug_aranges
                0x00000298       0x28 BSP/\libhal_bsp.a(alt_irq_handler.o)
 .debug_aranges
                0x000002c0       0x20 BSP/\libhal_bsp.a(alt_open.o)
 .debug_aranges
                0x000002e0       0x20 BSP/\libhal_bsp.a(alt_release_fd.o)
 .debug_aranges
                0x00000300       0x20 BSP/\libhal_bsp.a(alt_tick.o)
 .debug_aranges
                0x00000320       0x20 BSP/\libhal_bsp.a(altera_nios2_qsys_irq.o)
 .debug_aranges
                0x00000340       0x38 BSP/\libhal_bsp.a(alt_exception_entry.o)
 .debug_aranges
                0x00000378       0x20 BSP/\libhal_bsp.a(alt_find_dev.o)
 .debug_aranges
                0x00000398       0x20 BSP/\libhal_bsp.a(alt_find_file.o)
 .debug_aranges
                0x000003b8       0x20 BSP/\libhal_bsp.a(alt_get_fd.o)
 .debug_aranges
                0x000003d8       0x20 c:/altera/13.0sp1/nios2eds/bin/gnu/h-i686-mingw32/bin/../lib/gcc/nios2-elf/4.1.2/../../../../nios2-elf/lib/mno-hw-mul\libc.a(lib_a-exit.o)
 .debug_aranges
                0x000003f8       0x20 c:/altera/13.0sp1/nios2eds/bin/gnu/h-i686-mingw32/bin/../lib/gcc/nios2-elf/4.1.2/../../../../nios2-elf/lib/mno-hw-mul\libc.a(lib_a-memcmp.o)
 .debug_aranges
                0x00000418       0x20 c:/altera/13.0sp1/nios2eds/bin/gnu/h-i686-mingw32/bin/../lib/gcc/nios2-elf/4.1.2/../../../../nios2-elf/lib/mno-hw-mul\libc.a(lib_a-memcpy.o)
 .debug_aranges
                0x00000438       0x20 c:/altera/13.0sp1/nios2eds/bin/gnu/h-i686-mingw32/bin/../lib/gcc/nios2-elf/4.1.2/../../../../nios2-elf/lib/mno-hw-mul\libc.a(lib_a-strlen.o)
 .debug_aranges
                0x00000458       0x20 c:/altera/13.0sp1/nios2eds/bin/gnu/h-i686-mingw32/bin/../lib/gcc/nios2-elf/4.1.2/../../../../nios2-elf/lib/mno-hw-mul\libc.a(lib_a-__call_atexit.o)
 .debug_aranges
                0x00000478       0x20 c:/altera/13.0sp1/nios2eds/bin/gnu/h-i686-mingw32/bin/../lib/gcc/nios2-elf/4.1.2/mno-hw-mul\libgcc.a(lib2-mul.o)
 .debug_aranges
                0x00000498       0x20 BSP/\libhal_bsp.a(alt_exit.o)

.debug_pubnames
                0x00000000      0x725
 *(.debug_pubnames)
 .debug_pubnames
                0x00000000       0x1b obj/default//P/FPGA/TP1/software/pos_init.o
 .debug_pubnames
                0x0000001b       0x1f BSP/\libhal_bsp.a(alt_load.o)
 .debug_pubnames
                0x0000003a       0x46 BSP/\libhal_bsp.a(alt_main.o)
 .debug_pubnames
                0x00000080       0x34 BSP/\libhal_bsp.a(alt_sys_init.o)
 .debug_pubnames
                0x000000b4       0xa5 BSP/\libhal_bsp.a(altera_avalon_jtag_uart_fd.o)
 .debug_pubnames
                0x00000159       0x55 BSP/\libhal_bsp.a(altera_avalon_jtag_uart_init.o)
 .debug_pubnames
                0x000001ae       0x34 BSP/\libhal_bsp.a(altera_avalon_jtag_uart_ioctl.o)
 .debug_pubnames
                0x000001e2       0x33 BSP/\libhal_bsp.a(altera_avalon_jtag_uart_read.o)
 .debug_pubnames
                0x00000215       0x34 BSP/\libhal_bsp.a(altera_avalon_jtag_uart_write.o)
 .debug_pubnames
                0x00000249       0x26 BSP/\libhal_bsp.a(alt_alarm_start.o)
 .debug_pubnames
                0x0000026f       0x1c BSP/\libhal_bsp.a(alt_close.o)
 .debug_pubnames
                0x0000028b       0x2b BSP/\libhal_bsp.a(alt_dcache_flush_all.o)
 .debug_pubnames
                0x000002b6       0x63 BSP/\libhal_bsp.a(alt_dev.o)
 .debug_pubnames
                0x00000319       0x2b BSP/\libhal_bsp.a(alt_dev_llist_insert.o)
 .debug_pubnames
                0x00000344       0x20 BSP/\libhal_bsp.a(alt_errno.o)
 .debug_pubnames
                0x00000364       0x2b BSP/\libhal_bsp.a(alt_icache_flush_all.o)
 .debug_pubnames
                0x0000038f       0x6e BSP/\libhal_bsp.a(alt_iic.o)
 .debug_pubnames
                0x000003fd       0x2b BSP/\libhal_bsp.a(alt_iic_isr_register.o)
 .debug_pubnames
                0x00000428       0x26 BSP/\libhal_bsp.a(alt_io_redirect.o)
 .debug_pubnames
                0x0000044e       0x32 BSP/\libhal_bsp.a(alt_irq_handler.o)
 .debug_pubnames
                0x00000480       0x3b BSP/\libhal_bsp.a(alt_irq_vars.o)
 .debug_pubnames
                0x000004bb       0x1b BSP/\libhal_bsp.a(alt_open.o)
 .debug_pubnames
                0x000004d6       0x25 BSP/\libhal_bsp.a(alt_release_fd.o)
 .debug_pubnames
                0x000004fb       0x68 BSP/\libhal_bsp.a(alt_tick.o)
 .debug_pubnames
                0x00000563       0x31 BSP/\libhal_bsp.a(altera_nios2_qsys_irq.o)
 .debug_pubnames
                0x00000594       0x23 BSP/\libhal_bsp.a(alt_find_dev.o)
 .debug_pubnames
                0x000005b7       0x24 BSP/\libhal_bsp.a(alt_find_file.o)
 .debug_pubnames
                0x000005db       0x21 BSP/\libhal_bsp.a(alt_get_fd.o)
 .debug_pubnames
                0x000005fc       0x1b c:/altera/13.0sp1/nios2eds/bin/gnu/h-i686-mingw32/bin/../lib/gcc/nios2-elf/4.1.2/../../../../nios2-elf/lib/mno-hw-mul\libc.a(lib_a-exit.o)
 .debug_pubnames
                0x00000617       0x39 c:/altera/13.0sp1/nios2eds/bin/gnu/h-i686-mingw32/bin/../lib/gcc/nios2-elf/4.1.2/../../../../nios2-elf/lib/mno-hw-mul\libc.a(lib_a-impure.o)
 .debug_pubnames
                0x00000650       0x1c c:/altera/13.0sp1/nios2eds/bin/gnu/h-i686-mingw32/bin/../lib/gcc/nios2-elf/4.1.2/../../../../nios2-elf/lib/mno-hw-mul\libc.a(lib_a-int_errno.o)
 .debug_pubnames
                0x0000066c       0x1d c:/altera/13.0sp1/nios2eds/bin/gnu/h-i686-mingw32/bin/../lib/gcc/nios2-elf/4.1.2/../../../../nios2-elf/lib/mno-hw-mul\libc.a(lib_a-memcmp.o)
 .debug_pubnames
                0x00000689       0x1d c:/altera/13.0sp1/nios2eds/bin/gnu/h-i686-mingw32/bin/../lib/gcc/nios2-elf/4.1.2/../../../../nios2-elf/lib/mno-hw-mul\libc.a(lib_a-memcpy.o)
 .debug_pubnames
                0x000006a6       0x1d c:/altera/13.0sp1/nios2eds/bin/gnu/h-i686-mingw32/bin/../lib/gcc/nios2-elf/4.1.2/../../../../nios2-elf/lib/mno-hw-mul\libc.a(lib_a-strlen.o)
 .debug_pubnames
                0x000006c3       0x27 c:/altera/13.0sp1/nios2eds/bin/gnu/h-i686-mingw32/bin/../lib/gcc/nios2-elf/4.1.2/../../../../nios2-elf/lib/mno-hw-mul\libc.a(lib_a-__call_atexit.o)
 .debug_pubnames
                0x000006ea       0x1f c:/altera/13.0sp1/nios2eds/bin/gnu/h-i686-mingw32/bin/../lib/gcc/nios2-elf/4.1.2/mno-hw-mul\libgcc.a(lib2-mul.o)
 .debug_pubnames
                0x00000709       0x1c BSP/\libhal_bsp.a(alt_exit.o)

.debug_info     0x00000000     0x6bc2
 *(.debug_info .gnu.linkonce.wi.*)
 .debug_info    0x00000000       0x4a BSP//obj/HAL/src/crt0.o
 .debug_info    0x0000004a       0x8d obj/default//P/FPGA/TP1/software/pos_init.o
 .debug_info    0x000000d7      0x1a1 BSP/\libhal_bsp.a(alt_load.o)
 .debug_info    0x00000278      0x137 BSP/\libhal_bsp.a(alt_main.o)
 .debug_info    0x000003af      0x4ec BSP/\libhal_bsp.a(alt_sys_init.o)
 .debug_info    0x0000089b      0x584 BSP/\libhal_bsp.a(altera_avalon_jtag_uart_fd.o)
 .debug_info    0x00000e1f      0x3b5 BSP/\libhal_bsp.a(altera_avalon_jtag_uart_init.o)
 .debug_info    0x000011d4      0x2a3 BSP/\libhal_bsp.a(altera_avalon_jtag_uart_ioctl.o)
 .debug_info    0x00001477      0x371 BSP/\libhal_bsp.a(altera_avalon_jtag_uart_read.o)
 .debug_info    0x000017e8      0x35e BSP/\libhal_bsp.a(altera_avalon_jtag_uart_write.o)
 .debug_info    0x00001b46      0x2c6 BSP/\libhal_bsp.a(alt_alarm_start.o)
 .debug_info    0x00001e0c      0x364 BSP/\libhal_bsp.a(alt_close.o)
 .debug_info    0x00002170       0x8d BSP/\libhal_bsp.a(alt_dcache_flush_all.o)
 .debug_info    0x000021fd      0x4dd BSP/\libhal_bsp.a(alt_dev.o)
 .debug_info    0x000026da      0x1b7 BSP/\libhal_bsp.a(alt_dev_llist_insert.o)
 .debug_info    0x00002891       0xab BSP/\libhal_bsp.a(alt_errno.o)
 .debug_info    0x0000293c       0x8d BSP/\libhal_bsp.a(alt_icache_flush_all.o)
 .debug_info    0x000029c9      0x343 BSP/\libhal_bsp.a(alt_iic.o)
 .debug_info    0x00002d0c      0x1f6 BSP/\libhal_bsp.a(alt_iic_isr_register.o)
 .debug_info    0x00002f02      0x4f6 BSP/\libhal_bsp.a(alt_io_redirect.o)
 .debug_info    0x000033f8       0x53 BSP/\libhal_bsp.a(alt_irq_entry.o)
 .debug_info    0x0000344b      0x16b BSP/\libhal_bsp.a(alt_irq_handler.o)
 .debug_info    0x000035b6       0x92 BSP/\libhal_bsp.a(alt_irq_vars.o)
 .debug_info    0x00003648      0x40c BSP/\libhal_bsp.a(alt_open.o)
 .debug_info    0x00003a54      0x2dd BSP/\libhal_bsp.a(alt_release_fd.o)
 .debug_info    0x00003d31      0x2a1 BSP/\libhal_bsp.a(alt_tick.o)
 .debug_info    0x00003fd2       0x8d BSP/\libhal_bsp.a(altera_nios2_qsys_irq.o)
 .debug_info    0x0000405f       0x59 BSP/\libhal_bsp.a(alt_exception_entry.o)
 .debug_info    0x000040b8      0x310 BSP/\libhal_bsp.a(alt_find_dev.o)
 .debug_info    0x000043c8      0x30e BSP/\libhal_bsp.a(alt_find_file.o)
 .debug_info    0x000046d6      0x337 BSP/\libhal_bsp.a(alt_get_fd.o)
 .debug_info    0x00004a0d      0x93f c:/altera/13.0sp1/nios2eds/bin/gnu/h-i686-mingw32/bin/../lib/gcc/nios2-elf/4.1.2/../../../../nios2-elf/lib/mno-hw-mul\libc.a(lib_a-exit.o)
 .debug_info    0x0000534c      0x93d c:/altera/13.0sp1/nios2eds/bin/gnu/h-i686-mingw32/bin/../lib/gcc/nios2-elf/4.1.2/../../../../nios2-elf/lib/mno-hw-mul\libc.a(lib_a-impure.o)
 .debug_info    0x00005c89       0x8c c:/altera/13.0sp1/nios2eds/bin/gnu/h-i686-mingw32/bin/../lib/gcc/nios2-elf/4.1.2/../../../../nios2-elf/lib/mno-hw-mul\libc.a(lib_a-int_errno.o)
 .debug_info    0x00005d15      0x115 c:/altera/13.0sp1/nios2eds/bin/gnu/h-i686-mingw32/bin/../lib/gcc/nios2-elf/4.1.2/../../../../nios2-elf/lib/mno-hw-mul\libc.a(lib_a-memcmp.o)
 .debug_info    0x00005e2a      0x106 c:/altera/13.0sp1/nios2eds/bin/gnu/h-i686-mingw32/bin/../lib/gcc/nios2-elf/4.1.2/../../../../nios2-elf/lib/mno-hw-mul\libc.a(lib_a-memcpy.o)
 .debug_info    0x00005f30       0xdb c:/altera/13.0sp1/nios2eds/bin/gnu/h-i686-mingw32/bin/../lib/gcc/nios2-elf/4.1.2/../../../../nios2-elf/lib/mno-hw-mul\libc.a(lib_a-strlen.o)
 .debug_info    0x0000600b      0x9e2 c:/altera/13.0sp1/nios2eds/bin/gnu/h-i686-mingw32/bin/../lib/gcc/nios2-elf/4.1.2/../../../../nios2-elf/lib/mno-hw-mul\libc.a(lib_a-__call_atexit.o)
 .debug_info    0x000069ed       0xf3 c:/altera/13.0sp1/nios2eds/bin/gnu/h-i686-mingw32/bin/../lib/gcc/nios2-elf/4.1.2/mno-hw-mul\libgcc.a(lib2-mul.o)
 .debug_info    0x00006ae0       0xe2 BSP/\libhal_bsp.a(alt_exit.o)

.debug_abbrev   0x00000000     0x2353
 *(.debug_abbrev)
 .debug_abbrev  0x00000000       0x12 BSP//obj/HAL/src/crt0.o
 .debug_abbrev  0x00000012       0x3f obj/default//P/FPGA/TP1/software/pos_init.o
 .debug_abbrev  0x00000051       0xb6 BSP/\libhal_bsp.a(alt_load.o)
 .debug_abbrev  0x00000107       0xb7 BSP/\libhal_bsp.a(alt_main.o)
 .debug_abbrev  0x000001be      0x15b BSP/\libhal_bsp.a(alt_sys_init.o)
 .debug_abbrev  0x00000319      0x113 BSP/\libhal_bsp.a(altera_avalon_jtag_uart_fd.o)
 .debug_abbrev  0x0000042c      0x198 BSP/\libhal_bsp.a(altera_avalon_jtag_uart_init.o)
 .debug_abbrev  0x000005c4      0x10c BSP/\libhal_bsp.a(altera_avalon_jtag_uart_ioctl.o)
 .debug_abbrev  0x000006d0      0x194 BSP/\libhal_bsp.a(altera_avalon_jtag_uart_read.o)
 .debug_abbrev  0x00000864      0x18c BSP/\libhal_bsp.a(altera_avalon_jtag_uart_write.o)
 .debug_abbrev  0x000009f0      0x179 BSP/\libhal_bsp.a(alt_alarm_start.o)
 .debug_abbrev  0x00000b69      0x124 BSP/\libhal_bsp.a(alt_close.o)
 .debug_abbrev  0x00000c8d       0x3f BSP/\libhal_bsp.a(alt_dcache_flush_all.o)
 .debug_abbrev  0x00000ccc       0xd6 BSP/\libhal_bsp.a(alt_dev.o)
 .debug_abbrev  0x00000da2      0x117 BSP/\libhal_bsp.a(alt_dev_llist_insert.o)
 .debug_abbrev  0x00000eb9       0x5e BSP/\libhal_bsp.a(alt_errno.o)
 .debug_abbrev  0x00000f17       0x3f BSP/\libhal_bsp.a(alt_icache_flush_all.o)
 .debug_abbrev  0x00000f56      0x179 BSP/\libhal_bsp.a(alt_iic.o)
 .debug_abbrev  0x000010cf      0x171 BSP/\libhal_bsp.a(alt_iic_isr_register.o)
 .debug_abbrev  0x00001240      0x10e BSP/\libhal_bsp.a(alt_io_redirect.o)
 .debug_abbrev  0x0000134e       0x12 BSP/\libhal_bsp.a(alt_irq_entry.o)
 .debug_abbrev  0x00001360      0x117 BSP/\libhal_bsp.a(alt_irq_handler.o)
 .debug_abbrev  0x00001477       0x44 BSP/\libhal_bsp.a(alt_irq_vars.o)
 .debug_abbrev  0x000014bb      0x177 BSP/\libhal_bsp.a(alt_open.o)
 .debug_abbrev  0x00001632       0xdb BSP/\libhal_bsp.a(alt_release_fd.o)
 .debug_abbrev  0x0000170d      0x15f BSP/\libhal_bsp.a(alt_tick.o)
 .debug_abbrev  0x0000186c       0x3f BSP/\libhal_bsp.a(altera_nios2_qsys_irq.o)
 .debug_abbrev  0x000018ab       0x12 BSP/\libhal_bsp.a(alt_exception_entry.o)
 .debug_abbrev  0x000018bd       0xed BSP/\libhal_bsp.a(alt_find_dev.o)
 .debug_abbrev  0x000019aa       0xed BSP/\libhal_bsp.a(alt_find_file.o)
 .debug_abbrev  0x00001a97      0x108 BSP/\libhal_bsp.a(alt_get_fd.o)
 .debug_abbrev  0x00001b9f      0x16e c:/altera/13.0sp1/nios2eds/bin/gnu/h-i686-mingw32/bin/../lib/gcc/nios2-elf/4.1.2/../../../../nios2-elf/lib/mno-hw-mul\libc.a(lib_a-exit.o)
 .debug_abbrev  0x00001d0d      0x157 c:/altera/13.0sp1/nios2eds/bin/gnu/h-i686-mingw32/bin/../lib/gcc/nios2-elf/4.1.2/../../../../nios2-elf/lib/mno-hw-mul\libc.a(lib_a-impure.o)
 .debug_abbrev  0x00001e64       0x3b c:/altera/13.0sp1/nios2eds/bin/gnu/h-i686-mingw32/bin/../lib/gcc/nios2-elf/4.1.2/../../../../nios2-elf/lib/mno-hw-mul\libc.a(lib_a-int_errno.o)
 .debug_abbrev  0x00001e9f       0x7c c:/altera/13.0sp1/nios2eds/bin/gnu/h-i686-mingw32/bin/../lib/gcc/nios2-elf/4.1.2/../../../../nios2-elf/lib/mno-hw-mul\libc.a(lib_a-memcmp.o)
 .debug_abbrev  0x00001f1b       0xb5 c:/altera/13.0sp1/nios2eds/bin/gnu/h-i686-mingw32/bin/../lib/gcc/nios2-elf/4.1.2/../../../../nios2-elf/lib/mno-hw-mul\libc.a(lib_a-memcpy.o)
 .debug_abbrev  0x00001fd0       0x8b c:/altera/13.0sp1/nios2eds/bin/gnu/h-i686-mingw32/bin/../lib/gcc/nios2-elf/4.1.2/../../../../nios2-elf/lib/mno-hw-mul\libc.a(lib_a-strlen.o)
 .debug_abbrev  0x0000205b      0x1de c:/altera/13.0sp1/nios2eds/bin/gnu/h-i686-mingw32/bin/../lib/gcc/nios2-elf/4.1.2/../../../../nios2-elf/lib/mno-hw-mul\libc.a(lib_a-__call_atexit.o)
 .debug_abbrev  0x00002239       0x7b c:/altera/13.0sp1/nios2eds/bin/gnu/h-i686-mingw32/bin/../lib/gcc/nios2-elf/4.1.2/mno-hw-mul\libgcc.a(lib2-mul.o)
 .debug_abbrev  0x000022b4       0x9f BSP/\libhal_bsp.a(alt_exit.o)

.debug_line     0x00000000     0x578d
 *(.debug_line)
 .debug_line    0x00000000       0x66 BSP//obj/HAL/src/crt0.o
 .debug_line    0x00000066      0x1e0 obj/default//P/FPGA/TP1/software/pos_init.o
 .debug_line    0x00000246      0x273 BSP/\libhal_bsp.a(alt_load.o)
 .debug_line    0x000004b9      0x2ba BSP/\libhal_bsp.a(alt_main.o)
 .debug_line    0x00000773      0x29c BSP/\libhal_bsp.a(alt_sys_init.o)
 .debug_line    0x00000a0f      0x1fd BSP/\libhal_bsp.a(altera_avalon_jtag_uart_fd.o)
 .debug_line    0x00000c0c      0x45a BSP/\libhal_bsp.a(altera_avalon_jtag_uart_init.o)
 .debug_line    0x00001066      0x2e7 BSP/\libhal_bsp.a(altera_avalon_jtag_uart_ioctl.o)
 .debug_line    0x0000134d      0x3d8 BSP/\libhal_bsp.a(altera_avalon_jtag_uart_read.o)
 .debug_line    0x00001725      0x401 BSP/\libhal_bsp.a(altera_avalon_jtag_uart_write.o)
 .debug_line    0x00001b26      0x28a BSP/\libhal_bsp.a(alt_alarm_start.o)
 .debug_line    0x00001db0      0x285 BSP/\libhal_bsp.a(alt_close.o)
 .debug_line    0x00002035      0x1b5 BSP/\libhal_bsp.a(alt_dcache_flush_all.o)
 .debug_line    0x000021ea      0x24c BSP/\libhal_bsp.a(alt_dev.o)
 .debug_line    0x00002436      0x236 BSP/\libhal_bsp.a(alt_dev_llist_insert.o)
 .debug_line    0x0000266c      0x1aa BSP/\libhal_bsp.a(alt_errno.o)
 .debug_line    0x00002816      0x1b5 BSP/\libhal_bsp.a(alt_icache_flush_all.o)
 .debug_line    0x000029cb      0x27f BSP/\libhal_bsp.a(alt_iic.o)
 .debug_line    0x00002c4a      0x221 BSP/\libhal_bsp.a(alt_iic_isr_register.o)
 .debug_line    0x00002e6b      0x2b4 BSP/\libhal_bsp.a(alt_io_redirect.o)
 .debug_line    0x0000311f       0x6b BSP/\libhal_bsp.a(alt_irq_entry.o)
 .debug_line    0x0000318a      0x227 BSP/\libhal_bsp.a(alt_irq_handler.o)
 .debug_line    0x000033b1       0x72 BSP/\libhal_bsp.a(alt_irq_vars.o)
 .debug_line    0x00003423      0x2a6 BSP/\libhal_bsp.a(alt_open.o)
 .debug_line    0x000036c9       0xed BSP/\libhal_bsp.a(alt_release_fd.o)
 .debug_line    0x000037b6      0x2b2 BSP/\libhal_bsp.a(alt_tick.o)
 .debug_line    0x00003a68      0x1ce BSP/\libhal_bsp.a(altera_nios2_qsys_irq.o)
 .debug_line    0x00003c36       0xab BSP/\libhal_bsp.a(alt_exception_entry.o)
 .debug_line    0x00003ce1      0x25b BSP/\libhal_bsp.a(alt_find_dev.o)
 .debug_line    0x00003f3c      0x26c BSP/\libhal_bsp.a(alt_find_file.o)
 .debug_line    0x000041a8      0x277 BSP/\libhal_bsp.a(alt_get_fd.o)
 .debug_line    0x0000441f      0x23b c:/altera/13.0sp1/nios2eds/bin/gnu/h-i686-mingw32/bin/../lib/gcc/nios2-elf/4.1.2/../../../../nios2-elf/lib/mno-hw-mul\libc.a(lib_a-exit.o)
 .debug_line    0x0000465a      0x230 c:/altera/13.0sp1/nios2eds/bin/gnu/h-i686-mingw32/bin/../lib/gcc/nios2-elf/4.1.2/../../../../nios2-elf/lib/mno-hw-mul\libc.a(lib_a-impure.o)
 .debug_line    0x0000488a      0x1e2 c:/altera/13.0sp1/nios2eds/bin/gnu/h-i686-mingw32/bin/../lib/gcc/nios2-elf/4.1.2/../../../../nios2-elf/lib/mno-hw-mul\libc.a(lib_a-int_errno.o)
 .debug_line    0x00004a6c      0x2a2 c:/altera/13.0sp1/nios2eds/bin/gnu/h-i686-mingw32/bin/../lib/gcc/nios2-elf/4.1.2/../../../../nios2-elf/lib/mno-hw-mul\libc.a(lib_a-memcmp.o)
 .debug_line    0x00004d0e      0x1af c:/altera/13.0sp1/nios2eds/bin/gnu/h-i686-mingw32/bin/../lib/gcc/nios2-elf/4.1.2/../../../../nios2-elf/lib/mno-hw-mul\libc.a(lib_a-memcpy.o)
 .debug_line    0x00004ebd      0x270 c:/altera/13.0sp1/nios2eds/bin/gnu/h-i686-mingw32/bin/../lib/gcc/nios2-elf/4.1.2/../../../../nios2-elf/lib/mno-hw-mul\libc.a(lib_a-strlen.o)
 .debug_line    0x0000512d      0x36a c:/altera/13.0sp1/nios2eds/bin/gnu/h-i686-mingw32/bin/../lib/gcc/nios2-elf/4.1.2/../../../../nios2-elf/lib/mno-hw-mul\libc.a(lib_a-__call_atexit.o)
 .debug_line    0x00005497      0x11a c:/altera/13.0sp1/nios2eds/bin/gnu/h-i686-mingw32/bin/../lib/gcc/nios2-elf/4.1.2/mno-hw-mul\libgcc.a(lib2-mul.o)
 .debug_line    0x000055b1      0x1dc BSP/\libhal_bsp.a(alt_exit.o)

.debug_frame    0x00000000      0x630
 *(.debug_frame)
 .debug_frame   0x00000000       0x20 obj/default//P/FPGA/TP1/software/pos_init.o
 .debug_frame   0x00000020       0x28 BSP/\libhal_bsp.a(alt_load.o)
 .debug_frame   0x00000048       0x28 BSP/\libhal_bsp.a(alt_main.o)
 .debug_frame   0x00000070       0x40 BSP/\libhal_bsp.a(alt_sys_init.o)
 .debug_frame   0x000000b0       0x70 BSP/\libhal_bsp.a(altera_avalon_jtag_uart_fd.o)
 .debug_frame   0x00000120       0x58 BSP/\libhal_bsp.a(altera_avalon_jtag_uart_init.o)
 .debug_frame   0x00000178       0x20 BSP/\libhal_bsp.a(altera_avalon_jtag_uart_ioctl.o)
 .debug_frame   0x00000198       0x38 BSP/\libhal_bsp.a(altera_avalon_jtag_uart_read.o)
 .debug_frame   0x000001d0       0x34 BSP/\libhal_bsp.a(altera_avalon_jtag_uart_write.o)
 .debug_frame   0x00000204       0x20 BSP/\libhal_bsp.a(alt_alarm_start.o)
 .debug_frame   0x00000224       0x2c BSP/\libhal_bsp.a(alt_close.o)
 .debug_frame   0x00000250       0x20 BSP/\libhal_bsp.a(alt_dcache_flush_all.o)
 .debug_frame   0x00000270       0x20 BSP/\libhal_bsp.a(alt_dev.o)
 .debug_frame   0x00000290       0x28 BSP/\libhal_bsp.a(alt_dev_llist_insert.o)
 .debug_frame   0x000002b8       0x20 BSP/\libhal_bsp.a(alt_icache_flush_all.o)
 .debug_frame   0x000002d8       0x58 BSP/\libhal_bsp.a(alt_iic.o)
 .debug_frame   0x00000330       0x28 BSP/\libhal_bsp.a(alt_iic_isr_register.o)
 .debug_frame   0x00000358       0x4c BSP/\libhal_bsp.a(alt_io_redirect.o)
 .debug_frame   0x000003a4       0x28 BSP/\libhal_bsp.a(alt_irq_handler.o)
 .debug_frame   0x000003cc       0x34 BSP/\libhal_bsp.a(alt_open.o)
 .debug_frame   0x00000400       0x2c BSP/\libhal_bsp.a(alt_release_fd.o)
 .debug_frame   0x0000042c       0x3c BSP/\libhal_bsp.a(alt_tick.o)
 .debug_frame   0x00000468       0x20 BSP/\libhal_bsp.a(altera_nios2_qsys_irq.o)
 .debug_frame   0x00000488       0x30 BSP/\libhal_bsp.a(alt_find_dev.o)
 .debug_frame   0x000004b8       0x34 BSP/\libhal_bsp.a(alt_find_file.o)
 .debug_frame   0x000004ec       0x30 BSP/\libhal_bsp.a(alt_get_fd.o)
 .debug_frame   0x0000051c       0x28 c:/altera/13.0sp1/nios2eds/bin/gnu/h-i686-mingw32/bin/../lib/gcc/nios2-elf/4.1.2/../../../../nios2-elf/lib/mno-hw-mul\libc.a(lib_a-exit.o)
 .debug_frame   0x00000544       0x20 c:/altera/13.0sp1/nios2eds/bin/gnu/h-i686-mingw32/bin/../lib/gcc/nios2-elf/4.1.2/../../../../nios2-elf/lib/mno-hw-mul\libc.a(lib_a-memcmp.o)
 .debug_frame   0x00000564       0x20 c:/altera/13.0sp1/nios2eds/bin/gnu/h-i686-mingw32/bin/../lib/gcc/nios2-elf/4.1.2/../../../../nios2-elf/lib/mno-hw-mul\libc.a(lib_a-memcpy.o)
 .debug_frame   0x00000584       0x20 c:/altera/13.0sp1/nios2eds/bin/gnu/h-i686-mingw32/bin/../lib/gcc/nios2-elf/4.1.2/../../../../nios2-elf/lib/mno-hw-mul\libc.a(lib_a-strlen.o)
 .debug_frame   0x000005a4       0x4c c:/altera/13.0sp1/nios2eds/bin/gnu/h-i686-mingw32/bin/../lib/gcc/nios2-elf/4.1.2/../../../../nios2-elf/lib/mno-hw-mul\libc.a(lib_a-__call_atexit.o)
 .debug_frame   0x000005f0       0x20 c:/altera/13.0sp1/nios2eds/bin/gnu/h-i686-mingw32/bin/../lib/gcc/nios2-elf/4.1.2/mno-hw-mul\libgcc.a(lib2-mul.o)
 .debug_frame   0x00000610       0x20 BSP/\libhal_bsp.a(alt_exit.o)

.debug_str      0x00000000     0x141f
 *(.debug_str)
 .debug_str     0x00000000       0x7c obj/default//P/FPGA/TP1/software/pos_init.o
                                 0xba (size before relaxing)
 .debug_str     0x0000007c      0x10a BSP/\libhal_bsp.a(alt_load.o)
                                0x19f (size before relaxing)
 .debug_str     0x00000186       0x70 BSP/\libhal_bsp.a(alt_main.o)
                                0x12a (size before relaxing)
 .debug_str     0x000001f6      0x192 BSP/\libhal_bsp.a(alt_sys_init.o)
                                0x2d5 (size before relaxing)
 .debug_str     0x00000388       0xb9 BSP/\libhal_bsp.a(altera_avalon_jtag_uart_fd.o)
                                0x331 (size before relaxing)
 .debug_str     0x00000441       0xd1 BSP/\libhal_bsp.a(altera_avalon_jtag_uart_init.o)
                                0x2c5 (size before relaxing)
 .debug_str     0x00000512       0x4a BSP/\libhal_bsp.a(altera_avalon_jtag_uart_ioctl.o)
                                0x220 (size before relaxing)
 .debug_str     0x0000055c       0x7f BSP/\libhal_bsp.a(altera_avalon_jtag_uart_read.o)
                                0x275 (size before relaxing)
 .debug_str     0x000005db       0x4a BSP/\libhal_bsp.a(altera_avalon_jtag_uart_write.o)
                                0x276 (size before relaxing)
 .debug_str     0x00000625       0x5f BSP/\libhal_bsp.a(alt_alarm_start.o)
                                0x20b (size before relaxing)
 .debug_str     0x00000684       0x44 BSP/\libhal_bsp.a(alt_close.o)
                                0x198 (size before relaxing)
 .debug_str     0x000006c8       0x34 BSP/\libhal_bsp.a(alt_dcache_flush_all.o)
                                 0xe2 (size before relaxing)
 .debug_str     0x000006fc      0x120 BSP/\libhal_bsp.a(alt_dev.o)
                                0x292 (size before relaxing)
 .debug_str     0x0000081c       0x42 BSP/\libhal_bsp.a(alt_dev_llist_insert.o)
                                0x159 (size before relaxing)
 .debug_str     0x0000085e       0x14 BSP/\libhal_bsp.a(alt_errno.o)
                                 0xd2 (size before relaxing)
 .debug_str     0x00000872       0x34 BSP/\libhal_bsp.a(alt_icache_flush_all.o)
                                 0xe2 (size before relaxing)
 .debug_str     0x000008a6       0xc4 BSP/\libhal_bsp.a(alt_iic.o)
                                0x1cb (size before relaxing)
 .debug_str     0x0000096a       0x4c BSP/\libhal_bsp.a(alt_iic_isr_register.o)
                                0x175 (size before relaxing)
 .debug_str     0x000009b6       0x56 BSP/\libhal_bsp.a(alt_io_redirect.o)
                                0x2a3 (size before relaxing)
 .debug_str     0x00000a0c       0x3a BSP/\libhal_bsp.a(alt_irq_handler.o)
                                0x124 (size before relaxing)
 .debug_str     0x00000a46       0x17 BSP/\libhal_bsp.a(alt_irq_vars.o)
                                 0xdc (size before relaxing)
 .debug_str     0x00000a5d       0x2f BSP/\libhal_bsp.a(alt_open.o)
                                0x1d8 (size before relaxing)
 .debug_str     0x00000a8c       0x28 BSP/\libhal_bsp.a(alt_release_fd.o)
                                0x175 (size before relaxing)
 .debug_str     0x00000ab4       0x4a BSP/\libhal_bsp.a(alt_tick.o)
                                0x1df (size before relaxing)
 .debug_str     0x00000afe       0x3b BSP/\libhal_bsp.a(altera_nios2_qsys_irq.o)
                                 0xe9 (size before relaxing)
 .debug_str     0x00000b39       0x24 BSP/\libhal_bsp.a(alt_find_dev.o)
                                0x179 (size before relaxing)
 .debug_str     0x00000b5d       0x26 BSP/\libhal_bsp.a(alt_find_file.o)
                                0x187 (size before relaxing)
 .debug_str     0x00000b83       0x30 BSP/\libhal_bsp.a(alt_get_fd.o)
                                0x1a9 (size before relaxing)
 .debug_str     0x00000bb3      0x438 c:/altera/13.0sp1/nios2eds/bin/gnu/h-i686-mingw32/bin/../lib/gcc/nios2-elf/4.1.2/../../../../nios2-elf/lib/mno-hw-mul\libc.a(lib_a-exit.o)
                                0x51a (size before relaxing)
 .debug_str     0x00000feb       0xdf c:/altera/13.0sp1/nios2eds/bin/gnu/h-i686-mingw32/bin/../lib/gcc/nios2-elf/4.1.2/../../../../nios2-elf/lib/mno-hw-mul\libc.a(lib_a-impure.o)
                                0x528 (size before relaxing)
 .debug_str     0x000010ca       0x40 c:/altera/13.0sp1/nios2eds/bin/gnu/h-i686-mingw32/bin/../lib/gcc/nios2-elf/4.1.2/../../../../nios2-elf/lib/mno-hw-mul\libc.a(lib_a-int_errno.o)
                                0x171 (size before relaxing)
 .debug_str     0x0000110a       0xe3 c:/altera/13.0sp1/nios2eds/bin/gnu/h-i686-mingw32/bin/../lib/gcc/nios2-elf/4.1.2/../../../../nios2-elf/lib/mno-hw-mul\libc.a(lib_a-memcmp.o)
                                0x178 (size before relaxing)
 .debug_str     0x000011ed       0x6c c:/altera/13.0sp1/nios2eds/bin/gnu/h-i686-mingw32/bin/../lib/gcc/nios2-elf/4.1.2/../../../../nios2-elf/lib/mno-hw-mul\libc.a(lib_a-memcpy.o)
                                0x136 (size before relaxing)
 .debug_str     0x00001259       0x52 c:/altera/13.0sp1/nios2eds/bin/gnu/h-i686-mingw32/bin/../lib/gcc/nios2-elf/4.1.2/../../../../nios2-elf/lib/mno-hw-mul\libc.a(lib_a-strlen.o)
                                0x18b (size before relaxing)
 .debug_str     0x000012ab       0x7e c:/altera/13.0sp1/nios2eds/bin/gnu/h-i686-mingw32/bin/../lib/gcc/nios2-elf/4.1.2/../../../../nios2-elf/lib/mno-hw-mul\libc.a(lib_a-__call_atexit.o)
                                0x55c (size before relaxing)
 .debug_str     0x00001329       0xcc c:/altera/13.0sp1/nios2eds/bin/gnu/h-i686-mingw32/bin/../lib/gcc/nios2-elf/4.1.2/mno-hw-mul\libgcc.a(lib2-mul.o)
                                0x175 (size before relaxing)
 .debug_str     0x000013f5       0x2a BSP/\libhal_bsp.a(alt_exit.o)
                                 0xde (size before relaxing)

.debug_loc      0x00000000     0x147c
 *(.debug_loc)
 .debug_loc     0x00000000       0xeb BSP/\libhal_bsp.a(alt_load.o)
 .debug_loc     0x000000eb       0x1f BSP/\libhal_bsp.a(alt_main.o)
 .debug_loc     0x0000010a       0x51 BSP/\libhal_bsp.a(alt_sys_init.o)
 .debug_loc     0x0000015b      0x15b BSP/\libhal_bsp.a(altera_avalon_jtag_uart_fd.o)
 .debug_loc     0x000002b6       0xee BSP/\libhal_bsp.a(altera_avalon_jtag_uart_init.o)
 .debug_loc     0x000003a4       0x47 BSP/\libhal_bsp.a(altera_avalon_jtag_uart_ioctl.o)
 .debug_loc     0x000003eb      0x188 BSP/\libhal_bsp.a(altera_avalon_jtag_uart_read.o)
 .debug_loc     0x00000573      0x1d5 BSP/\libhal_bsp.a(altera_avalon_jtag_uart_write.o)
 .debug_loc     0x00000748       0x39 BSP/\libhal_bsp.a(alt_alarm_start.o)
 .debug_loc     0x00000781       0x9a BSP/\libhal_bsp.a(alt_close.o)
 .debug_loc     0x0000081b       0x5b BSP/\libhal_bsp.a(alt_dev_llist_insert.o)
 .debug_loc     0x00000876       0x91 BSP/\libhal_bsp.a(alt_iic.o)
 .debug_loc     0x00000907      0x107 BSP/\libhal_bsp.a(alt_iic_isr_register.o)
 .debug_loc     0x00000a0e      0x139 BSP/\libhal_bsp.a(alt_io_redirect.o)
 .debug_loc     0x00000b47       0x79 BSP/\libhal_bsp.a(alt_irq_handler.o)
 .debug_loc     0x00000bc0      0x1fe BSP/\libhal_bsp.a(alt_open.o)
 .debug_loc     0x00000dbe       0x48 BSP/\libhal_bsp.a(alt_release_fd.o)
 .debug_loc     0x00000e06       0x66 BSP/\libhal_bsp.a(alt_tick.o)
 .debug_loc     0x00000e6c       0x81 BSP/\libhal_bsp.a(alt_find_dev.o)
 .debug_loc     0x00000eed       0x84 BSP/\libhal_bsp.a(alt_find_file.o)
 .debug_loc     0x00000f71       0x9a BSP/\libhal_bsp.a(alt_get_fd.o)
 .debug_loc     0x0000100b       0x3d c:/altera/13.0sp1/nios2eds/bin/gnu/h-i686-mingw32/bin/../lib/gcc/nios2-elf/4.1.2/../../../../nios2-elf/lib/mno-hw-mul\libc.a(lib_a-exit.o)
 .debug_loc     0x00001048      0x114 c:/altera/13.0sp1/nios2eds/bin/gnu/h-i686-mingw32/bin/../lib/gcc/nios2-elf/4.1.2/../../../../nios2-elf/lib/mno-hw-mul\libc.a(lib_a-memcmp.o)
 .debug_loc     0x0000115c       0xca c:/altera/13.0sp1/nios2eds/bin/gnu/h-i686-mingw32/bin/../lib/gcc/nios2-elf/4.1.2/../../../../nios2-elf/lib/mno-hw-mul\libc.a(lib_a-memcpy.o)
 .debug_loc     0x00001226       0x3c c:/altera/13.0sp1/nios2eds/bin/gnu/h-i686-mingw32/bin/../lib/gcc/nios2-elf/4.1.2/../../../../nios2-elf/lib/mno-hw-mul\libc.a(lib_a-strlen.o)
 .debug_loc     0x00001262      0x1cb c:/altera/13.0sp1/nios2eds/bin/gnu/h-i686-mingw32/bin/../lib/gcc/nios2-elf/4.1.2/../../../../nios2-elf/lib/mno-hw-mul\libc.a(lib_a-__call_atexit.o)
 .debug_loc     0x0000142d       0x4f c:/altera/13.0sp1/nios2eds/bin/gnu/h-i686-mingw32/bin/../lib/gcc/nios2-elf/4.1.2/mno-hw-mul\libgcc.a(lib2-mul.o)

.debug_macinfo
 *(.debug_macinfo)

.debug_weaknames
 *(.debug_weaknames)

.debug_funcnames
 *(.debug_funcnames)

.debug_typenames
 *(.debug_typenames)

.debug_varnames
 *(.debug_varnames)

.debug_alt_sim_info
                0x00000000       0x10
 *(.debug_alt_sim_info)
 .debug_alt_sim_info
                0x00000000       0x10 BSP//obj/HAL/src/crt0.o
                0x06000000                __alt_data_end = 0x6000000
                0x06000000                PROVIDE (__alt_stack_pointer, __alt_data_end)
                0x0400438c                PROVIDE (__alt_stack_limit, __alt_stack_base)
                0x0400438c                PROVIDE (__alt_heap_start, end)
                0x06000000                PROVIDE (__alt_heap_limit, 0x6000000)
OUTPUT(P:/FPGA/TP1/software/pos_init.elf elf32-littlenios2)

.debug_ranges   0x00000000      0x180
 .debug_ranges  0x00000000       0x20 BSP//obj/HAL/src/crt0.o
 .debug_ranges  0x00000020       0x48 BSP/\libhal_bsp.a(alt_load.o)
 .debug_ranges  0x00000068       0x18 BSP/\libhal_bsp.a(altera_avalon_jtag_uart_read.o)
 .debug_ranges  0x00000080       0x48 BSP/\libhal_bsp.a(altera_avalon_jtag_uart_write.o)
 .debug_ranges  0x000000c8       0x28 BSP/\libhal_bsp.a(alt_irq_entry.o)
 .debug_ranges  0x000000f0       0x18 BSP/\libhal_bsp.a(alt_irq_handler.o)
 .debug_ranges  0x00000108       0x30 BSP/\libhal_bsp.a(alt_open.o)
 .debug_ranges  0x00000138       0x30 BSP/\libhal_bsp.a(alt_exception_entry.o)
 .debug_ranges  0x00000168       0x18 c:/altera/13.0sp1/nios2eds/bin/gnu/h-i686-mingw32/bin/../lib/gcc/nios2-elf/4.1.2/../../../../nios2-elf/lib/mno-hw-mul\libc.a(lib_a-__call_atexit.o)
