Flow report for sysRobot
Wed Mar 25 19:52:15 2026
Quartus II 64-Bit Version 13.1.0 Build 162 10/23/2013 SJ Web Edition


---------------------
; Table of Contents ;
---------------------
  1. Legal Notice
  2. Flow Summary
  3. Flow Settings
  4. Flow Non-Default Global Settings
  5. Flow Elapsed Time
  6. Flow OS Summary
  7. Flow Log
  8. Flow Messages
  9. Flow Suppressed Messages



----------------
; Legal Notice ;
----------------
Copyright (C) 1991-2013 Altera Corporation
Your use of Altera Corporation's design tools, logic functions 
and other software and tools, and its AMPP partner logic 
functions, and any output files from any of the foregoing 
(including device programming or simulation files), and any 
associated documentation or information are expressly subject 
to the terms and conditions of the Altera Program License 
Subscription Agreement, Altera MegaCore Function License 
Agreement, or other applicable license agreement, including, 
without limitation, that your use is for the sole purpose of 
programming logic devices manufactured by Altera and sold by 
Altera or its authorized distributors.  Please refer to the 
applicable agreement for further details.



+---------------------------------------------------------------------------------+
; Flow Summary                                                                    ;
+------------------------------------+--------------------------------------------+
; Flow Status                        ; Successful - Wed Mar 25 19:52:06 2026      ;
; Quartus II 64-Bit Version          ; 13.1.0 Build 162 10/23/2013 SJ Web Edition ;
; Revision Name                      ; sysRobot                                   ;
; Top-level Entity Name              ; sysRobot                                   ;
; Family                             ; Cyclone IV E                               ;
; Device                             ; EP4CE22F17C6                               ;
; Timing Models                      ; Final                                      ;
; Total logic elements               ; 3,174 / 22,320 ( 14 % )                    ;
;     Total combinational functions  ; 2,754 / 22,320 ( 12 % )                    ;
;     Dedicated logic registers      ; 1,946 / 22,320 ( 9 % )                     ;
; Total registers                    ; 2015                                       ;
; Total pins                         ; 62 / 154 ( 40 % )                          ;
; Total virtual pins                 ; 0                                          ;
; Total memory bits                  ; 44,032 / 608,256 ( 7 % )                   ;
; Embedded Multiplier 9-bit elements ; 0 / 132 ( 0 % )                            ;
; Total PLLs                         ; 2 / 4 ( 50 % )                             ;
+------------------------------------+--------------------------------------------+


+-----------------------------------------+
; Flow Settings                           ;
+-------------------+---------------------+
; Option            ; Setting             ;
+-------------------+---------------------+
; Start date & time ; 03/25/2026 19:49:55 ;
; Main task         ; Compilation         ;
; Revision Name     ; sysRobot            ;
+-------------------+---------------------+


+-------------------------------------------------------------------------------------------------------------------------------+
; Flow Non-Default Global Settings                                                                                              ;
+-------------------------------------+---------------------------------------+---------------+--------------------+------------+
; Assignment Name                     ; Value                                 ; Default Value ; Entity Name        ; Section Id ;
+-------------------------------------+---------------------------------------+---------------+--------------------+------------+
; COMPILER_SIGNATURE_ID               ; 57651962531966.177446459503836        ; --            ; --                 ; --         ;
; MAX_CORE_JUNCTION_TEMP              ; 85                                    ; --            ; --                 ; --         ;
; MIN_CORE_JUNCTION_TEMP              ; 0                                     ; --            ; --                 ; --         ;
; PARTITION_COLOR                     ; 16764057                              ; --            ; DE0_NANO_SMART_CAR ; Top        ;
; PARTITION_COLOR                     ; 16764057                              ; --            ; --                 ; Top        ;
; PARTITION_FITTER_PRESERVATION_LEVEL ; PLACEMENT_AND_ROUTING                 ; --            ; DE0_NANO_SMART_CAR ; Top        ;
; PARTITION_FITTER_PRESERVATION_LEVEL ; PLACEMENT_AND_ROUTING                 ; --            ; --                 ; Top        ;
; PARTITION_NETLIST_TYPE              ; SOURCE                                ; --            ; DE0_NANO_SMART_CAR ; Top        ;
; PARTITION_NETLIST_TYPE              ; SOURCE                                ; --            ; --                 ; Top        ;
; POWER_BOARD_THERMAL_MODEL           ; None (CONSERVATIVE)                   ; --            ; --                 ; --         ;
; POWER_PRESET_COOLING_SOLUTION       ; 23 MM HEAT SINK WITH 200 LFPM AIRFLOW ; --            ; --                 ; --         ;
; PROJECT_OUTPUT_DIRECTORY            ; output_files                          ; --            ; --                 ; --         ;
+-------------------------------------+---------------------------------------+---------------+--------------------+------------+


+-------------------------------------------------------------------------------------------------------------------------------+
; Flow Elapsed Time                                                                                                             ;
+---------------------------+--------------+-------------------------+---------------------+------------------------------------+
; Module Name               ; Elapsed Time ; Average Processors Used ; Peak Virtual Memory ; Total CPU Time (on all processors) ;
+---------------------------+--------------+-------------------------+---------------------+------------------------------------+
; Analysis & Synthesis      ; 00:01:34     ; 1.0                     ; 4874 MB             ; 00:01:06                           ;
; Fitter                    ; 00:00:27     ; 3.0                     ; 5964 MB             ; 00:00:31                           ;
; Assembler                 ; 00:00:03     ; 1.0                     ; 4625 MB             ; 00:00:03                           ;
; TimeQuest Timing Analyzer ; 00:00:07     ; 3.2                     ; 4852 MB             ; 00:00:07                           ;
; Total                     ; 00:02:11     ; --                      ; --                  ; 00:01:47                           ;
+---------------------------+--------------+-------------------------+---------------------+------------------------------------+


+----------------------------------------------------------------------------------------+
; Flow OS Summary                                                                        ;
+---------------------------+------------------+-----------+------------+----------------+
; Module Name               ; Machine Hostname ; OS Name   ; OS Version ; Processor type ;
+---------------------------+------------------+-----------+------------+----------------+
; Analysis & Synthesis      ; caronne_pc       ; Windows 7 ; 6.2        ; x86_64         ;
; Fitter                    ; caronne_pc       ; Windows 7 ; 6.2        ; x86_64         ;
; Assembler                 ; caronne_pc       ; Windows 7 ; 6.2        ; x86_64         ;
; TimeQuest Timing Analyzer ; caronne_pc       ; Windows 7 ; 6.2        ; x86_64         ;
+---------------------------+------------------+-----------+------------+----------------+


------------
; Flow Log ;
------------
quartus_map --read_settings_files=on --write_settings_files=off sysRobot -c sysRobot
quartus_fit --read_settings_files=off --write_settings_files=off sysRobot -c sysRobot
quartus_asm --read_settings_files=off --write_settings_files=off sysRobot -c sysRobot
quartus_sta sysRobot -c sysRobot



